Archive member included to satisfy reference by file (symbol)

c:/st/stm32cubeide_1.3.0/stm32cubeide/plugins/com.st.stm32cube.ide.mcu.externaltools.gnu-tools-for-stm32.7-2018-q2-update.win32_1.0.0.201904181610/tools/bin/../lib/gcc/arm-none-eabi/7.3.1/../../../../arm-none-eabi/lib/thumb/v6-m\libc_nano.a(lib_a-errno.o)
                              Core/Src/syscalls.o (__errno)
c:/st/stm32cubeide_1.3.0/stm32cubeide/plugins/com.st.stm32cube.ide.mcu.externaltools.gnu-tools-for-stm32.7-2018-q2-update.win32_1.0.0.201904181610/tools/bin/../lib/gcc/arm-none-eabi/7.3.1/../../../../arm-none-eabi/lib/thumb/v6-m\libc_nano.a(lib_a-exit.o)
                              c:/st/stm32cubeide_1.3.0/stm32cubeide/plugins/com.st.stm32cube.ide.mcu.externaltools.gnu-tools-for-stm32.7-2018-q2-update.win32_1.0.0.201904181610/tools/bin/../lib/gcc/arm-none-eabi/7.3.1/../../../../arm-none-eabi/lib/thumb/v6-m/crt0.o (exit)
c:/st/stm32cubeide_1.3.0/stm32cubeide/plugins/com.st.stm32cube.ide.mcu.externaltools.gnu-tools-for-stm32.7-2018-q2-update.win32_1.0.0.201904181610/tools/bin/../lib/gcc/arm-none-eabi/7.3.1/../../../../arm-none-eabi/lib/thumb/v6-m\libc_nano.a(lib_a-impure.o)
                              c:/st/stm32cubeide_1.3.0/stm32cubeide/plugins/com.st.stm32cube.ide.mcu.externaltools.gnu-tools-for-stm32.7-2018-q2-update.win32_1.0.0.201904181610/tools/bin/../lib/gcc/arm-none-eabi/7.3.1/../../../../arm-none-eabi/lib/thumb/v6-m\libc_nano.a(lib_a-exit.o) (_global_impure_ptr)
c:/st/stm32cubeide_1.3.0/stm32cubeide/plugins/com.st.stm32cube.ide.mcu.externaltools.gnu-tools-for-stm32.7-2018-q2-update.win32_1.0.0.201904181610/tools/bin/../lib/gcc/arm-none-eabi/7.3.1/../../../../arm-none-eabi/lib/thumb/v6-m\libc_nano.a(lib_a-init.o)
                              c:/st/stm32cubeide_1.3.0/stm32cubeide/plugins/com.st.stm32cube.ide.mcu.externaltools.gnu-tools-for-stm32.7-2018-q2-update.win32_1.0.0.201904181610/tools/bin/../lib/gcc/arm-none-eabi/7.3.1/../../../../arm-none-eabi/lib/thumb/v6-m/crt0.o (__libc_init_array)
c:/st/stm32cubeide_1.3.0/stm32cubeide/plugins/com.st.stm32cube.ide.mcu.externaltools.gnu-tools-for-stm32.7-2018-q2-update.win32_1.0.0.201904181610/tools/bin/../lib/gcc/arm-none-eabi/7.3.1/../../../../arm-none-eabi/lib/thumb/v6-m\libc_nano.a(lib_a-memset.o)
                              c:/st/stm32cubeide_1.3.0/stm32cubeide/plugins/com.st.stm32cube.ide.mcu.externaltools.gnu-tools-for-stm32.7-2018-q2-update.win32_1.0.0.201904181610/tools/bin/../lib/gcc/arm-none-eabi/7.3.1/../../../../arm-none-eabi/lib/thumb/v6-m/crt0.o (memset)
c:/st/stm32cubeide_1.3.0/stm32cubeide/plugins/com.st.stm32cube.ide.mcu.externaltools.gnu-tools-for-stm32.7-2018-q2-update.win32_1.0.0.201904181610/tools/bin/../lib/gcc/arm-none-eabi/7.3.1/thumb/v6-m\libgcc.a(_udivsi3.o)
                              Core/Src/mainProcessFunction.o (__aeabi_uidiv)
c:/st/stm32cubeide_1.3.0/stm32cubeide/plugins/com.st.stm32cube.ide.mcu.externaltools.gnu-tools-for-stm32.7-2018-q2-update.win32_1.0.0.201904181610/tools/bin/../lib/gcc/arm-none-eabi/7.3.1/thumb/v6-m\libgcc.a(_dvmd_tls.o)
                              c:/st/stm32cubeide_1.3.0/stm32cubeide/plugins/com.st.stm32cube.ide.mcu.externaltools.gnu-tools-for-stm32.7-2018-q2-update.win32_1.0.0.201904181610/tools/bin/../lib/gcc/arm-none-eabi/7.3.1/thumb/v6-m\libgcc.a(_udivsi3.o) (__aeabi_idiv0)
c:/st/stm32cubeide_1.3.0/stm32cubeide/plugins/com.st.stm32cube.ide.mcu.externaltools.gnu-tools-for-stm32.7-2018-q2-update.win32_1.0.0.201904181610/tools/bin/../lib/gcc/arm-none-eabi/7.3.1/thumb/v6-m\libgcc.a(_arm_cmpsf2.o)
                              Core/Src/mainProcess.o (__aeabi_fcmpeq)
c:/st/stm32cubeide_1.3.0/stm32cubeide/plugins/com.st.stm32cube.ide.mcu.externaltools.gnu-tools-for-stm32.7-2018-q2-update.win32_1.0.0.201904181610/tools/bin/../lib/gcc/arm-none-eabi/7.3.1/thumb/v6-m\libgcc.a(_fixunssfsi.o)
                              Core/Src/mainProcess.o (__aeabi_f2uiz)
c:/st/stm32cubeide_1.3.0/stm32cubeide/plugins/com.st.stm32cube.ide.mcu.externaltools.gnu-tools-for-stm32.7-2018-q2-update.win32_1.0.0.201904181610/tools/bin/../lib/gcc/arm-none-eabi/7.3.1/thumb/v6-m\libgcc.a(addsf3.o)
                              Core/Src/mainProcess.o (__aeabi_fadd)
c:/st/stm32cubeide_1.3.0/stm32cubeide/plugins/com.st.stm32cube.ide.mcu.externaltools.gnu-tools-for-stm32.7-2018-q2-update.win32_1.0.0.201904181610/tools/bin/../lib/gcc/arm-none-eabi/7.3.1/thumb/v6-m\libgcc.a(divsf3.o)
                              Core/Src/Digital_Sensor.o (__aeabi_fdiv)
c:/st/stm32cubeide_1.3.0/stm32cubeide/plugins/com.st.stm32cube.ide.mcu.externaltools.gnu-tools-for-stm32.7-2018-q2-update.win32_1.0.0.201904181610/tools/bin/../lib/gcc/arm-none-eabi/7.3.1/thumb/v6-m\libgcc.a(eqsf2.o)
                              c:/st/stm32cubeide_1.3.0/stm32cubeide/plugins/com.st.stm32cube.ide.mcu.externaltools.gnu-tools-for-stm32.7-2018-q2-update.win32_1.0.0.201904181610/tools/bin/../lib/gcc/arm-none-eabi/7.3.1/thumb/v6-m\libgcc.a(_arm_cmpsf2.o) (__eqsf2)
[...]
Memory Configuration

Name             Origin             Length             Attributes
RAM              0x0000000020000000 0x0000000000002000 xrw
FLASH            0x0000000008000000 0x0000000000010000 xr
*default*        0x0000000000000000 0xffffffffffffffff

Linker script and memory map

LOAD c:/st/stm32cubeide_1.3.0/stm32cubeide/plugins/com.st.stm32cube.ide.mcu.externaltools.gnu-tools-for-stm32.7-2018-q2-update.win32_1.0.0.201904181610/tools/bin/../lib/gcc/arm-none-eabi/7.3.1/thumb/v6-m/crti.o
LOAD c:/st/stm32cubeide_1.3.0/stm32cubeide/plugins/com.st.stm32cube.ide.mcu.externaltools.gnu-tools-for-stm32.7-2018-q2-update.win32_1.0.0.201904181610/tools/bin/../lib/gcc/arm-none-eabi/7.3.1/thumb/v6-m/crtbegin.o
LOAD c:/st/stm32cubeide_1.3.0/stm32cubeide/plugins/com.st.stm32cube.ide.mcu.externaltools.gnu-tools-for-stm32.7-2018-q2-update.win32_1.0.0.201904181610/tools/bin/../lib/gcc/arm-none-eabi/7.3.1/../../../../arm-none-eabi/lib/thumb/v6-m/crt0.o
LOAD Core/Src/Digital_Sensor.o
LOAD Core/Src/main.o
LOAD Core/Src/mainIT_CallBackFunctions.o
LOAD Core/Src/mainProcess.o
LOAD Core/Src/mainProcessFunction.o
LOAD Core/Src/mainTestProcess.o
LOAD Core/Src/stm32f0xx_hal_msp.o
LOAD Core/Src/stm32f0xx_it.o
LOAD Core/Src/syscalls.o
LOAD Core/Src/sysmem.o
LOAD Core/Src/system_stm32f0xx.o
LOAD Core/Startup/startup_stm32f030r8tx.o
LOAD Drivers/STM32F0xx_HAL_Driver/Src/stm32f0xx_hal.o
LOAD Drivers/STM32F0xx_HAL_Driver/Src/stm32f0xx_hal_adc.o
LOAD Drivers/STM32F0xx_HAL_Driver/Src/stm32f0xx_hal_adc_ex.o
LOAD Drivers/STM32F0xx_HAL_Driver/Src/stm32f0xx_hal_cortex.o
LOAD Drivers/STM32F0xx_HAL_Driver/Src/stm32f0xx_hal_dma.o
LOAD Drivers/STM32F0xx_HAL_Driver/Src/stm32f0xx_hal_exti.o
LOAD Drivers/STM32F0xx_HAL_Driver/Src/stm32f0xx_hal_flash.o
LOAD Drivers/STM32F0xx_HAL_Driver/Src/stm32f0xx_hal_flash_ex.o
LOAD Drivers/STM32F0xx_HAL_Driver/Src/stm32f0xx_hal_gpio.o
LOAD Drivers/STM32F0xx_HAL_Driver/Src/stm32f0xx_hal_i2c.o
LOAD Drivers/STM32F0xx_HAL_Driver/Src/stm32f0xx_hal_i2c_ex.o
LOAD Drivers/STM32F0xx_HAL_Driver/Src/stm32f0xx_hal_pwr.o
LOAD Drivers/STM32F0xx_HAL_Driver/Src/stm32f0xx_hal_pwr_ex.o
LOAD Drivers/STM32F0xx_HAL_Driver/Src/stm32f0xx_hal_rcc.o
LOAD Drivers/STM32F0xx_HAL_Driver/Src/stm32f0xx_hal_rcc_ex.o
LOAD Drivers/STM32F0xx_HAL_Driver/Src/stm32f0xx_hal_tim.o
LOAD Drivers/STM32F0xx_HAL_Driver/Src/stm32f0xx_hal_tim_ex.o
LOAD Drivers/STM32F0xx_HAL_Driver/Src/stm32f0xx_hal_uart.o
LOAD Drivers/STM32F0xx_HAL_Driver/Src/stm32f0xx_hal_uart_ex.o
START GROUP
LOAD c:/st/stm32cubeide_1.3.0/stm32cubeide/plugins/com.st.stm32cube.ide.mcu.externaltools.gnu-tools-for-stm32.7-2018-q2-update.win32_1.0.0.201904181610/tools/bin/../lib/gcc/arm-none-eabi/7.3.1/../../../../arm-none-eabi/lib/thumb/v6-m\libc_nano.a
LOAD c:/st/stm32cubeide_1.3.0/stm32cubeide/plugins/com.st.stm32cube.ide.mcu.externaltools.gnu-tools-for-stm32.7-2018-q2-update.win32_1.0.0.201904181610/tools/bin/../lib/gcc/arm-none-eabi/7.3.1/../../../../arm-none-eabi/lib/thumb/v6-m\libm.a
END GROUP
START GROUP
LOAD c:/st/stm32cubeide_1.3.0/stm32cubeide/plugins/com.st.stm32cube.ide.mcu.externaltools.gnu-tools-for-stm32.7-2018-q2-update.win32_1.0.0.201904181610/tools/bin/../lib/gcc/arm-none-eabi/7.3.1/thumb/v6-m\libgcc.a
LOAD c:/st/stm32cubeide_1.3.0/stm32cubeide/plugins/com.st.stm32cube.ide.mcu.externaltools.gnu-tools-for-stm32.7-2018-q2-update.win32_1.0.0.201904181610/tools/bin/../lib/gcc/arm-none-eabi/7.3.1/../../../../arm-none-eabi/lib/thumb/v6-m\libc_nano.a
END GROUP
START GROUP
LOAD c:/st/stm32cubeide_1.3.0/stm32cubeide/plugins/com.st.stm32cube.ide.mcu.externaltools.gnu-tools-for-stm32.7-2018-q2-update.win32_1.0.0.201904181610/tools/bin/../lib/gcc/arm-none-eabi/7.3.1/thumb/v6-m\libgcc.a
LOAD c:/st/stm32cubeide_1.3.0/stm32cubeide/plugins/com.st.stm32cube.ide.mcu.externaltools.gnu-tools-for-stm32.7-2018-q2-update.win32_1.0.0.201904181610/tools/bin/../lib/gcc/arm-none-eabi/7.3.1/../../../../arm-none-eabi/lib/thumb/v6-m\libc_nano.a
LOAD c:/st/stm32cubeide_1.3.0/stm32cubeide/plugins/com.st.stm32cube.ide.mcu.externaltools.gnu-tools-for-stm32.7-2018-q2-update.win32_1.0.0.201904181610/tools/bin/../lib/gcc/arm-none-eabi/7.3.1/../../../../arm-none-eabi/lib/thumb/v6-m\libnosys.a
END GROUP
START GROUP
LOAD c:/st/stm32cubeide_1.3.0/stm32cubeide/plugins/com.st.stm32cube.ide.mcu.externaltools.gnu-tools-for-stm32.7-2018-q2-update.win32_1.0.0.201904181610/tools/bin/../lib/gcc/arm-none-eabi/7.3.1/thumb/v6-m\libgcc.a
LOAD c:/st/stm32cubeide_1.3.0/stm32cubeide/plugins/com.st.stm32cube.ide.mcu.externaltools.gnu-tools-for-stm32.7-2018-q2-update.win32_1.0.0.201904181610/tools/bin/../lib/gcc/arm-none-eabi/7.3.1/../../../../arm-none-eabi/lib/thumb/v6-m\libc_nano.a
LOAD c:/st/stm32cubeide_1.3.0/stm32cubeide/plugins/com.st.stm32cube.ide.mcu.externaltools.gnu-tools-for-stm32.7-2018-q2-update.win32_1.0.0.201904181610/tools/bin/../lib/gcc/arm-none-eabi/7.3.1/../../../../arm-none-eabi/lib/thumb/v6-m\libnosys.a
END GROUP
LOAD c:/st/stm32cubeide_1.3.0/stm32cubeide/plugins/com.st.stm32cube.ide.mcu.externaltools.gnu-tools-for-stm32.7-2018-q2-update.win32_1.0.0.201904181610/tools/bin/../lib/gcc/arm-none-eabi/7.3.1/thumb/v6-m/crtend.o
LOAD c:/st/stm32cubeide_1.3.0/stm32cubeide/plugins/com.st.stm32cube.ide.mcu.externaltools.gnu-tools-for-stm32.7-2018-q2-update.win32_1.0.0.201904181610/tools/bin/../lib/gcc/arm-none-eabi/7.3.1/thumb/v6-m/crtn.o
                0x0000000020002000                _estack = (ORIGIN (RAM) + LENGTH (RAM))
                0x0000000000000200                _Min_Heap_Size = 0x200
                0x0000000000000400                _Min_Stack_Size = 0x400

.isr_vector     0x0000000008000000       0xc0
                0x0000000008000000                . = ALIGN (0x4)
 *(.isr_vector)
 .isr_vector    0x0000000008000000       0xc0 Core/Startup/startup_stm32f030r8tx.o
                0x0000000008000000                g_pfnVectors
                0x00000000080000c0                . = ALIGN (0x4)

.text           0x00000000080000c0     0x6d14
                0x00000000080000c0                . = ALIGN (0x4)
 *(.text)
 .text          0x00000000080000c0       0x48 c:/st/stm32cubeide_1.3.0/stm32cubeide/plugins/com.st.stm32cube.ide.mcu.externaltools.gnu-tools-for-stm32.7-2018-q2-update.win32_1.0.0.201904181610/tools/bin/../lib/gcc/arm-none-eabi/7.3.1/thumb/v6-m/crtbegin.o
 .text          0x0000000008000108      0x114 c:/st/stm32cubeide_1.3.0/stm32cubeide/plugins/com.st.stm32cube.ide.mcu.externaltools.gnu-tools-for-stm32.7-2018-q2-update.win32_1.0.0.201904181610/tools/bin/../lib/gcc/arm-none-eabi/7.3.1/thumb/v6-m\libgcc.a(_udivsi3.o)
                0x0000000008000108                __aeabi_uidiv
                0x0000000008000108                __udivsi3
                0x0000000008000214                __aeabi_uidivmod
 .text          0x000000000800021c        0x4 c:/st/stm32cubeide_1.3.0/stm32cubeide/plugins/com.st.stm32cube.ide.mcu.externaltools.gnu-tools-for-stm32.7-2018-q2-update.win32_1.0.0.201904181610/tools/bin/../lib/gcc/arm-none-eabi/7.3.1/thumb/v6-m\libgcc.a(_dvmd_tls.o)
                0x000000000800021c                __aeabi_idiv0
                0x000000000800021c                __aeabi_ldiv0
 .text          0x0000000008000220       0x74 c:/st/stm32cubeide_1.3.0/stm32cubeide/plugins/com.st.stm32cube.ide.mcu.externaltools.gnu-tools-for-stm32.7-2018-q2-update.win32_1.0.0.201904181610/tools/bin/../lib/gcc/arm-none-eabi/7.3.1/thumb/v6-m\libgcc.a(_arm_cmpsf2.o)
                0x0000000008000220                __aeabi_cfrcmple
                0x0000000008000228                __aeabi_cfcmpeq
                0x0000000008000228                __aeabi_cfcmple
                0x0000000008000238                __aeabi_fcmpeq
                0x0000000008000244                __aeabi_fcmplt
                0x0000000008000258                __aeabi_fcmple
                0x000000000800026c                __aeabi_fcmpgt
                0x0000000008000280                __aeabi_fcmpge
 .text          0x0000000008000294       0x30 c:/st/stm32cubeide_1.3.0/stm32cubeide/plugins/com.st.stm32cube.ide.mcu.externaltools.gnu-tools-for-stm32.7-2018-q2-update.win32_1.0.0.201904181610/tools/bin/../lib/gcc/arm-none-eabi/7.3.1/thumb/v6-m\libgcc.a(_fixunssfsi.o)
                0x0000000008000294                __fixunssfsi
                0x0000000008000294                __aeabi_f2uiz
 .text          0x00000000080002c4      0x334 c:/st/stm32cubeide_1.3.0/stm32cubeide/plugins/com.st.stm32cube.ide.mcu.externaltools.gnu-tools-for-stm32.7-2018-q2-update.win32_1.0.0.201904181610/tools/bin/../lib/gcc/arm-none-eabi/7.3.1/thumb/v6-m\libgcc.a(addsf3.o)
                0x00000000080002c4                __aeabi_fadd
 .text          0x00000000080005f8      0x224 c:/st/stm32cubeide_1.3.0/stm32cubeide/plugins/com.st.stm32cube.ide.mcu.externaltools.gnu-tools-for-stm32.7-2018-q2-update.win32_1.0.0.201904181610/tools/bin/../lib/gcc/arm-none-eabi/7.3.1/thumb/v6-m\libgcc.a(divsf3.o)
                0x00000000080005f8                __aeabi_fdiv
 .text          0x000000000800081c       0x50 c:/st/stm32cubeide_1.3.0/stm32cubeide/plugins/com.st.stm32cube.ide.mcu.externaltools.gnu-tools-for-stm32.7-2018-q2-update.win32_1.0.0.201904181610/tools/bin/../lib/gcc/arm-none-eabi/7.3.1/thumb/v6-m\libgcc.a(eqsf2.o)
                0x000000000800081c                __eqsf2
                0x000000000800081c                __nesf2
 .text          0x000000000800086c       0x9c c:/st/stm32cubeide_1.3.0/stm32cubeide/plugins/com.st.stm32cube.ide.mcu.externaltools.gnu-tools-for-stm32.7-2018-q2-update.win32_1.0.0.201904181610/tools/bin/../lib/gcc/arm-none-eabi/7.3.1/thumb/v6-m\libgcc.a(gesf2.o)
                0x000000000800086c                __gesf2
                0x000000000800086c                __gtsf2
 .text          0x0000000008000908       0xa0 c:/st/stm32cubeide_1.3.0/stm32cubeide/plugins/com.st.stm32cube.ide.mcu.externaltools.gnu-tools-for-stm32.7-2018-q2-update.win32_1.0.0.201904181610/tools/bin/../lib/gcc/arm-none-eabi/7.3.1/thumb/v6-m\libgcc.a(lesf2.o)
                0x0000000008000908                __ltsf2
                0x0000000008000908                __lesf2
 .text          0x00000000080009a8      0x388 c:/st/stm32cubeide_1.3.0/stm32cubeide/plugins/com.st.stm32cube.ide.mcu.externaltools.gnu-tools-for-stm32.7-2018-q2-update.win32_1.0.0.201904181610/tools/bin/../lib/gcc/arm-none-eabi/7.3.1/thumb/v6-m\libgcc.a(subsf3.o)
                0x00000000080009a8                __aeabi_fsub
 .text          0x0000000008000d30       0x40 c:/st/stm32cubeide_1.3.0/stm32cubeide/plugins/com.st.stm32cube.ide.mcu.externaltools.gnu-tools-for-stm32.7-2018-q2-update.win32_1.0.0.201904181610/tools/bin/../lib/gcc/arm-none-eabi/7.3.1/thumb/v6-m\libgcc.a(fixsfsi.o)
                0x0000000008000d30                __aeabi_f2iz
 .text          0x0000000008000d70       0x94 c:/st/stm32cubeide_1.3.0/stm32cubeide/plugins/com.st.stm32cube.ide.mcu.externaltools.gnu-tools-for-stm32.7-2018-q2-update.win32_1.0.0.201904181610/tools/bin/../lib/gcc/arm-none-eabi/7.3.1/thumb/v6-m\libgcc.a(floatsisf.o)
                0x0000000008000d70                __aeabi_i2f
 .text          0x0000000008000e04       0x80 c:/st/stm32cubeide_1.3.0/stm32cubeide/plugins/com.st.stm32cube.ide.mcu.externaltools.gnu-tools-for-stm32.7-2018-q2-update.win32_1.0.0.201904181610/tools/bin/../lib/gcc/arm-none-eabi/7.3.1/thumb/v6-m\libgcc.a(floatunsisf.o)
                0x0000000008000e04                __aeabi_ui2f
 .text          0x0000000008000e84       0x3c c:/st/stm32cubeide_1.3.0/stm32cubeide/plugins/com.st.stm32cube.ide.mcu.externaltools.gnu-tools-for-stm32.7-2018-q2-update.win32_1.0.0.201904181610/tools/bin/../lib/gcc/arm-none-eabi/7.3.1/thumb/v6-m\libgcc.a(_clzsi2.o)
                0x0000000008000e84                __clzsi2
 *(.text*)
 .text.delay    0x0000000008000ec0       0x30 Core/Src/Digital_Sensor.o
                0x0000000008000ec0                delay
 .text.Set_Pin_Output
                0x0000000008000ef0       0x46 Core/Src/Digital_Sensor.o
                0x0000000008000ef0                Set_Pin_Output
 .text.Set_Pin_Input
                0x0000000008000f36       0x46 Core/Src/Digital_Sensor.o
                0x0000000008000f36                Set_Pin_Input
 .text.DS_MilkWater_Start
                0x0000000008000f7c       0x80 Core/Src/Digital_Sensor.o
                0x0000000008000f7c                DS_MilkWater_Start
 .text.DS_MilkWater_Read
                0x0000000008000ffc       0x9c Core/Src/Digital_Sensor.o
                0x0000000008000ffc                DS_MilkWater_Read
 .text.DS_MilkWater_Write
                0x0000000008001098       0xb0 Core/Src/Digital_Sensor.o
                0x0000000008001098                DS_MilkWater_Write
 .text.DS_Milk_Start
                0x0000000008001148       0x84 Core/Src/Digital_Sensor.o
                0x0000000008001148                DS_Milk_Start
 .text.DS_Milk_Read
                0x00000000080011cc       0xa2 Core/Src/Digital_Sensor.o
                0x00000000080011cc                DS_Milk_Read
 .text.DS_Milk_Write
                0x000000000800126e       0xba Core/Src/Digital_Sensor.o
                0x000000000800126e                DS_Milk_Write
 .text.DS_Water_Start
                0x0000000008001328       0x80 Core/Src/Digital_Sensor.o
                0x0000000008001328                DS_Water_Start
 .text.DS_Water_Write
                0x00000000080013a8       0xb0 Core/Src/Digital_Sensor.o
                0x00000000080013a8                DS_Water_Write
 .text.DS_Water_Read
                0x0000000008001458       0x9c Core/Src/Digital_Sensor.o
                0x0000000008001458                DS_Water_Read
 .text.DigitalSensor_Read_MilkWater
                0x00000000080014f4       0xa2 Core/Src/Digital_Sensor.o
                0x00000000080014f4                DigitalSensor_Read_MilkWater
 .text.DigitalSensor_Read_Water
                0x0000000008001596       0xa2 Core/Src/Digital_Sensor.o
                0x0000000008001596                DigitalSensor_Read_Water
 .text.DigitalSensor_Read_Milk
                0x0000000008001638       0xa2 Core/Src/Digital_Sensor.o
                0x0000000008001638                DigitalSensor_Read_Milk
 *fill*         0x00000000080016da        0x2 
 .text.main     0x00000000080016dc       0xc4 Core/Src/main.o
                0x00000000080016dc                main
 .text.SystemClock_Config
                0x00000000080017a0       0xa0 Core/Src/main.o
                0x00000000080017a0                SystemClock_Config
 .text.MX_ADC_Init
                0x0000000008001840       0xb8 Core/Src/main.o
 .text.MX_TIM1_Init
                0x00000000080018f8       0xb4 Core/Src/main.o
 .text.MX_TIM3_Init
                0x00000000080019ac       0xf8 Core/Src/main.o
 .text.MX_USART2_UART_Init
                0x0000000008001aa4       0x60 Core/Src/main.o
 .text.MX_GPIO_Init
                0x0000000008001b04      0x298 Core/Src/main.o
 .text.Error_Handler
                0x0000000008001d9c        0xa Core/Src/main.o
                0x0000000008001d9c                Error_Handler
 *fill*         0x0000000008001da6        0x2 
 .text.HAL_UART_CpltCallback
                0x0000000008001da8      0x53c Core/Src/mainIT_CallBackFunctions.o
                0x0000000008001da8                HAL_UART_CpltCallback
 .text.HAL_TIM_PeriodElapsedCallback
                0x00000000080022e4      0x398 Core/Src/mainIT_CallBackFunctions.o
                0x00000000080022e4                HAL_TIM_PeriodElapsedCallback
 .text.StartProcess
                0x000000000800267c      0xad8 Core/Src/mainProcess.o
                0x000000000800267c                StartProcess
 .text.SendAckowledgement
                0x0000000008003154       0x6c Core/Src/mainProcessFunction.o
                0x0000000008003154                SendAckowledgement
 .text.SendStatus
                0x00000000080031c0      0x2a4 Core/Src/mainProcessFunction.o
                0x00000000080031c0                SendStatus
 .text.Motor_Milk_AntiClkwise
                0x0000000008003464       0x28 Core/Src/mainProcessFunction.o
                0x0000000008003464                Motor_Milk_AntiClkwise
 .text.Motor_Milk_Clkwise
                0x000000000800348c       0x28 Core/Src/mainProcessFunction.o
                0x000000000800348c                Motor_Milk_Clkwise
 .text.Motor_Milk_Stop
                0x00000000080034b4       0x28 Core/Src/mainProcessFunction.o
                0x00000000080034b4                Motor_Milk_Stop
 .text.Motor_MilkWater_Clkwise
                0x00000000080034dc       0x28 Core/Src/mainProcessFunction.o
                0x00000000080034dc                Motor_MilkWater_Clkwise
 .text.Motor_MilkWater_Stop
                0x0000000008003504       0x28 Core/Src/mainProcessFunction.o
                0x0000000008003504                Motor_MilkWater_Stop
 .text.Motor_Water_Clkwise
                0x000000000800352c       0x2c Core/Src/mainProcessFunction.o
                0x000000000800352c                Motor_Water_Clkwise
 .text.Motor_Water_Stop
                0x0000000008003558       0x2c Core/Src/mainProcessFunction.o
                0x0000000008003558                Motor_Water_Stop
 .text.Motor_CleaningWater_Clkwise
                0x0000000008003584       0x2c Core/Src/mainProcessFunction.o
                0x0000000008003584                Motor_CleaningWater_Clkwise
 .text.Motor_CleaningWater_Stop
                0x00000000080035b0       0x2c Core/Src/mainProcessFunction.o
                0x00000000080035b0                Motor_CleaningWater_Stop
 .text.Motor_Stirrer_Clkwise
                0x00000000080035dc       0x28 Core/Src/mainProcessFunction.o
                0x00000000080035dc                Motor_Stirrer_Clkwise
 .text.Motor_Stirrer_AntiClkwise
                0x0000000008003604       0x28 Core/Src/mainProcessFunction.o
                0x0000000008003604                Motor_Stirrer_AntiClkwise
 .text.Motor_Stirrer_Stop
                0x000000000800362c       0x28 Core/Src/mainProcessFunction.o
                0x000000000800362c                Motor_Stirrer_Stop
 .text.Motor_HotWater_Clkwise
                0x0000000008003654       0x2a Core/Src/mainProcessFunction.o
                0x0000000008003654                Motor_HotWater_Clkwise
 .text.Motor_HotWater_Stop
                0x000000000800367e       0x2a Core/Src/mainProcessFunction.o
                0x000000000800367e                Motor_HotWater_Stop
 .text.SSRHeater_ON_MilkWater
                0x00000000080036a8       0x1a Core/Src/mainProcessFunction.o
                0x00000000080036a8                SSRHeater_ON_MilkWater
 .text.SSRHeater_OFF_MilkWater
                0x00000000080036c2       0x1a Core/Src/mainProcessFunction.o
                0x00000000080036c2                SSRHeater_OFF_MilkWater
 .text.SSRHeater_ON_Water
                0x00000000080036dc       0x1c Core/Src/mainProcessFunction.o
                0x00000000080036dc                SSRHeater_ON_Water
 .text.SSRHeater_OFF_Water
                0x00000000080036f8       0x1c Core/Src/mainProcessFunction.o
                0x00000000080036f8                SSRHeater_OFF_Water
 .text.LevelSensor_CheckForPrilCleaning
                0x0000000008003714       0x40 Core/Src/mainProcessFunction.o
                0x0000000008003714                LevelSensor_CheckForPrilCleaning
 .text.LevelSensor_CheckForWaterCleaning
                0x0000000008003754       0x40 Core/Src/mainProcessFunction.o
                0x0000000008003754                LevelSensor_CheckForWaterCleaning
 .text.LevelSensor_CheckForMilkWater
                0x0000000008003794       0x58 Core/Src/mainProcessFunction.o
                0x0000000008003794                LevelSensor_CheckForMilkWater
 .text.LevelSensor_CheckForOnlyMilkWater
                0x00000000080037ec       0x48 Core/Src/mainProcessFunction.o
                0x00000000080037ec                LevelSensor_CheckForOnlyMilkWater
 .text.LevelSensor_DrainOutPrilFromMilkPipe
                0x0000000008003834       0x40 Core/Src/mainProcessFunction.o
                0x0000000008003834                LevelSensor_DrainOutPrilFromMilkPipe
 .text.LevelSensor_DrainOutWaterFromMilkPipe
                0x0000000008003874       0x40 Core/Src/mainProcessFunction.o
                0x0000000008003874                LevelSensor_DrainOutWaterFromMilkPipe
 .text.Temperature_CheckForMilkWater
                0x00000000080038b4      0x1b8 Core/Src/mainProcessFunction.o
                0x00000000080038b4                Temperature_CheckForMilkWater
 .text.Temperature_CheckForOnlyMilkWater
                0x0000000008003a6c       0x5c Core/Src/mainProcessFunction.o
                0x0000000008003a6c                Temperature_CheckForOnlyMilkWater
 .text.LevelSensor_CheckForWater
                0x0000000008003ac8       0x48 Core/Src/mainProcessFunction.o
                0x0000000008003ac8                LevelSensor_CheckForWater
 .text.Temperature_CheckForWater
                0x0000000008003b10       0x58 Core/Src/mainProcessFunction.o
                0x0000000008003b10                Temperature_CheckForWater
 .text.HAL_MspInit
                0x0000000008003b68       0x48 Core/Src/stm32f0xx_hal_msp.o
                0x0000000008003b68                HAL_MspInit
 .text.HAL_ADC_MspInit
                0x0000000008003bb0       0x8c Core/Src/stm32f0xx_hal_msp.o
                0x0000000008003bb0                HAL_ADC_MspInit
 .text.HAL_TIM_Base_MspInit
                0x0000000008003c3c       0x78 Core/Src/stm32f0xx_hal_msp.o
                0x0000000008003c3c                HAL_TIM_Base_MspInit
 .text.HAL_UART_MspInit
                0x0000000008003cb4       0xa8 Core/Src/stm32f0xx_hal_msp.o
                0x0000000008003cb4                HAL_UART_MspInit
 .text.NMI_Handler
                0x0000000008003d5c        0xa Core/Src/stm32f0xx_it.o
                0x0000000008003d5c                NMI_Handler
 .text.HardFault_Handler
                0x0000000008003d66        0x6 Core/Src/stm32f0xx_it.o
                0x0000000008003d66                HardFault_Handler
 .text.SVC_Handler
                0x0000000008003d6c        0xa Core/Src/stm32f0xx_it.o
                0x0000000008003d6c                SVC_Handler
 .text.PendSV_Handler
                0x0000000008003d76        0xa Core/Src/stm32f0xx_it.o
                0x0000000008003d76                PendSV_Handler
 .text.SysTick_Handler
                0x0000000008003d80        0xe Core/Src/stm32f0xx_it.o
                0x0000000008003d80                SysTick_Handler
 *fill*         0x0000000008003d8e        0x2 
 .text.TIM1_BRK_UP_TRG_COM_IRQHandler
                0x0000000008003d90       0x18 Core/Src/stm32f0xx_it.o
                0x0000000008003d90                TIM1_BRK_UP_TRG_COM_IRQHandler
 .text.USART2_IRQHandler
                0x0000000008003da8       0xe0 Core/Src/stm32f0xx_it.o
                0x0000000008003da8                USART2_IRQHandler
 .text.SystemInit
                0x0000000008003e88        0xa Core/Src/system_stm32f0xx.o
                0x0000000008003e88                SystemInit
 *fill*         0x0000000008003e92        0x2 
 .text.Reset_Handler
                0x0000000008003e94       0x50 Core/Startup/startup_stm32f030r8tx.o
                0x0000000008003e94                Reset_Handler
 .text.Default_Handler
                0x0000000008003ee4        0x2 Core/Startup/startup_stm32f030r8tx.o
                0x0000000008003ee4                TIM1_CC_IRQHandler
                0x0000000008003ee4                TIM6_IRQHandler
                0x0000000008003ee4                I2C1_IRQHandler
                0x0000000008003ee4                SPI1_IRQHandler
                0x0000000008003ee4                EXTI2_3_IRQHandler
                0x0000000008003ee4                ADC1_IRQHandler
                0x0000000008003ee4                I2C2_IRQHandler
                0x0000000008003ee4                TIM17_IRQHandler
                0x0000000008003ee4                RTC_IRQHandler
                0x0000000008003ee4                TIM16_IRQHandler
                0x0000000008003ee4                TIM3_IRQHandler
                0x0000000008003ee4                EXTI4_15_IRQHandler
                0x0000000008003ee4                RCC_IRQHandler
                0x0000000008003ee4                DMA1_Channel1_IRQHandler
                0x0000000008003ee4                Default_Handler
                0x0000000008003ee4                TIM14_IRQHandler
                0x0000000008003ee4                DMA1_Channel4_5_IRQHandler
                0x0000000008003ee4                TIM15_IRQHandler
                0x0000000008003ee4                EXTI0_1_IRQHandler
                0x0000000008003ee4                SPI2_IRQHandler
                0x0000000008003ee4                WWDG_IRQHandler
                0x0000000008003ee4                DMA1_Channel2_3_IRQHandler
                0x0000000008003ee4                FLASH_IRQHandler
                0x0000000008003ee4                USART1_IRQHandler
 *fill*         0x0000000008003ee6        0x2 
 .text.HAL_Init
                0x0000000008003ee8       0x28 Drivers/STM32F0xx_HAL_Driver/Src/stm32f0xx_hal.o
                0x0000000008003ee8                HAL_Init
 .text.HAL_InitTick
                0x0000000008003f10       0x68 Drivers/STM32F0xx_HAL_Driver/Src/stm32f0xx_hal.o
                0x0000000008003f10                HAL_InitTick
 .text.HAL_IncTick
                0x0000000008003f78       0x24 Drivers/STM32F0xx_HAL_Driver/Src/stm32f0xx_hal.o
                0x0000000008003f78                HAL_IncTick
 .text.HAL_GetTick
                0x0000000008003f9c       0x14 Drivers/STM32F0xx_HAL_Driver/Src/stm32f0xx_hal.o
                0x0000000008003f9c                HAL_GetTick
 .text.HAL_Delay
                0x0000000008003fb0       0x44 Drivers/STM32F0xx_HAL_Driver/Src/stm32f0xx_hal.o
                0x0000000008003fb0                HAL_Delay
 .text.HAL_ADC_Init
                0x0000000008003ff4      0x280 Drivers/STM32F0xx_HAL_Driver/Src/stm32f0xx_hal_adc.o
                0x0000000008003ff4                HAL_ADC_Init
 .text.HAL_ADC_ConfigChannel
                0x0000000008004274      0x1ec Drivers/STM32F0xx_HAL_Driver/Src/stm32f0xx_hal_adc.o
                0x0000000008004274                HAL_ADC_ConfigChannel
 .text.__NVIC_EnableIRQ
                0x0000000008004460       0x34 Drivers/STM32F0xx_HAL_Driver/Src/stm32f0xx_hal_cortex.o
 .text.__NVIC_SetPriority
                0x0000000008004494       0xdc Drivers/STM32F0xx_HAL_Driver/Src/stm32f0xx_hal_cortex.o
 .text.SysTick_Config
                0x0000000008004570       0x48 Drivers/STM32F0xx_HAL_Driver/Src/stm32f0xx_hal_cortex.o
 .text.HAL_NVIC_SetPriority
                0x00000000080045b8       0x2a Drivers/STM32F0xx_HAL_Driver/Src/stm32f0xx_hal_cortex.o
                0x00000000080045b8                HAL_NVIC_SetPriority
 .text.HAL_NVIC_EnableIRQ
                0x00000000080045e2       0x20 Drivers/STM32F0xx_HAL_Driver/Src/stm32f0xx_hal_cortex.o
                0x00000000080045e2                HAL_NVIC_EnableIRQ
 .text.HAL_SYSTICK_Config
                0x0000000008004602       0x1a Drivers/STM32F0xx_HAL_Driver/Src/stm32f0xx_hal_cortex.o
                0x0000000008004602                HAL_SYSTICK_Config
 .text.HAL_DMA_Abort_IT
                0x000000000800461c       0x8c Drivers/STM32F0xx_HAL_Driver/Src/stm32f0xx_hal_dma.o
                0x000000000800461c                HAL_DMA_Abort_IT
 .text.HAL_GPIO_Init
                0x00000000080046a8      0x2e0 Drivers/STM32F0xx_HAL_Driver/Src/stm32f0xx_hal_gpio.o
                0x00000000080046a8                HAL_GPIO_Init
 .text.HAL_GPIO_ReadPin
                0x0000000008004988       0x3a Drivers/STM32F0xx_HAL_Driver/Src/stm32f0xx_hal_gpio.o
                0x0000000008004988                HAL_GPIO_ReadPin
 .text.HAL_GPIO_WritePin
                0x00000000080049c2       0x3a Drivers/STM32F0xx_HAL_Driver/Src/stm32f0xx_hal_gpio.o
                0x00000000080049c2                HAL_GPIO_WritePin
 .text.HAL_RCC_OscConfig
                0x00000000080049fc      0x638 Drivers/STM32F0xx_HAL_Driver/Src/stm32f0xx_hal_rcc.o
                0x00000000080049fc                HAL_RCC_OscConfig
 .text.HAL_RCC_ClockConfig
                0x0000000008005034      0x19c Drivers/STM32F0xx_HAL_Driver/Src/stm32f0xx_hal_rcc.o
                0x0000000008005034                HAL_RCC_ClockConfig
 .text.HAL_RCC_GetSysClockFreq
                0x00000000080051d0       0xc8 Drivers/STM32F0xx_HAL_Driver/Src/stm32f0xx_hal_rcc.o
                0x00000000080051d0                HAL_RCC_GetSysClockFreq
 .text.HAL_RCC_GetHCLKFreq
                0x0000000008005298       0x14 Drivers/STM32F0xx_HAL_Driver/Src/stm32f0xx_hal_rcc.o
                0x0000000008005298                HAL_RCC_GetHCLKFreq
 .text.HAL_RCC_GetPCLK1Freq
                0x00000000080052ac       0x2c Drivers/STM32F0xx_HAL_Driver/Src/stm32f0xx_hal_rcc.o
                0x00000000080052ac                HAL_RCC_GetPCLK1Freq
 .text.HAL_TIM_Base_Init
                0x00000000080052d8       0x58 Drivers/STM32F0xx_HAL_Driver/Src/stm32f0xx_hal_tim.o
                0x00000000080052d8                HAL_TIM_Base_Init
 .text.HAL_TIM_Base_Start
                0x0000000008005330       0x44 Drivers/STM32F0xx_HAL_Driver/Src/stm32f0xx_hal_tim.o
                0x0000000008005330                HAL_TIM_Base_Start
 .text.HAL_TIM_Base_Start_IT
                0x0000000008005374       0x44 Drivers/STM32F0xx_HAL_Driver/Src/stm32f0xx_hal_tim.o
                0x0000000008005374                HAL_TIM_Base_Start_IT
 .text.HAL_TIM_OC_Init
                0x00000000080053b8       0x58 Drivers/STM32F0xx_HAL_Driver/Src/stm32f0xx_hal_tim.o
                0x00000000080053b8                HAL_TIM_OC_Init
 .text.HAL_TIM_OC_MspInit
                0x0000000008005410       0x10 Drivers/STM32F0xx_HAL_Driver/Src/stm32f0xx_hal_tim.o
                0x0000000008005410                HAL_TIM_OC_MspInit
 .text.HAL_TIM_IRQHandler
                0x0000000008005420      0x22c Drivers/STM32F0xx_HAL_Driver/Src/stm32f0xx_hal_tim.o
                0x0000000008005420                HAL_TIM_IRQHandler
 .text.HAL_TIM_OC_ConfigChannel
                0x000000000800564c       0x9c Drivers/STM32F0xx_HAL_Driver/Src/stm32f0xx_hal_tim.o
                0x000000000800564c                HAL_TIM_OC_ConfigChannel
 .text.HAL_TIM_ConfigClockSource
                0x00000000080056e8      0x17c Drivers/STM32F0xx_HAL_Driver/Src/stm32f0xx_hal_tim.o
                0x00000000080056e8                HAL_TIM_ConfigClockSource
 .text.HAL_TIM_OC_DelayElapsedCallback
                0x0000000008005864       0x10 Drivers/STM32F0xx_HAL_Driver/Src/stm32f0xx_hal_tim.o
                0x0000000008005864                HAL_TIM_OC_DelayElapsedCallback
 .text.HAL_TIM_IC_CaptureCallback
                0x0000000008005874       0x10 Drivers/STM32F0xx_HAL_Driver/Src/stm32f0xx_hal_tim.o
                0x0000000008005874                HAL_TIM_IC_CaptureCallback
 .text.HAL_TIM_PWM_PulseFinishedCallback
                0x0000000008005884       0x10 Drivers/STM32F0xx_HAL_Driver/Src/stm32f0xx_hal_tim.o
                0x0000000008005884                HAL_TIM_PWM_PulseFinishedCallback
 .text.HAL_TIM_TriggerCallback
                0x0000000008005894       0x10 Drivers/STM32F0xx_HAL_Driver/Src/stm32f0xx_hal_tim.o
                0x0000000008005894                HAL_TIM_TriggerCallback
 .text.TIM_Base_SetConfig
                0x00000000080058a4       0xec Drivers/STM32F0xx_HAL_Driver/Src/stm32f0xx_hal_tim.o
                0x00000000080058a4                TIM_Base_SetConfig
 .text.TIM_OC1_SetConfig
                0x0000000008005990      0x110 Drivers/STM32F0xx_HAL_Driver/Src/stm32f0xx_hal_tim.o
 .text.TIM_OC2_SetConfig
                0x0000000008005aa0      0x108 Drivers/STM32F0xx_HAL_Driver/Src/stm32f0xx_hal_tim.o
                0x0000000008005aa0                TIM_OC2_SetConfig
 .text.TIM_OC3_SetConfig
                0x0000000008005ba8      0x10c Drivers/STM32F0xx_HAL_Driver/Src/stm32f0xx_hal_tim.o
 .text.TIM_OC4_SetConfig
                0x0000000008005cb4       0xd4 Drivers/STM32F0xx_HAL_Driver/Src/stm32f0xx_hal_tim.o
 .text.TIM_TI1_ConfigInputStage
                0x0000000008005d88       0x5c Drivers/STM32F0xx_HAL_Driver/Src/stm32f0xx_hal_tim.o
 .text.TIM_TI2_ConfigInputStage
                0x0000000008005de4       0x64 Drivers/STM32F0xx_HAL_Driver/Src/stm32f0xx_hal_tim.o
 .text.TIM_ITRx_SetConfig
                0x0000000008005e48       0x32 Drivers/STM32F0xx_HAL_Driver/Src/stm32f0xx_hal_tim.o
 *fill*         0x0000000008005e7a        0x2 
 .text.TIM_ETR_SetConfig
                0x0000000008005e7c       0x40 Drivers/STM32F0xx_HAL_Driver/Src/stm32f0xx_hal_tim.o
                0x0000000008005e7c                TIM_ETR_SetConfig
 .text.HAL_TIMEx_MasterConfigSynchronization
                0x0000000008005ebc       0xb0 Drivers/STM32F0xx_HAL_Driver/Src/stm32f0xx_hal_tim_ex.o
                0x0000000008005ebc                HAL_TIMEx_MasterConfigSynchronization
 .text.HAL_TIMEx_CommutCallback
                0x0000000008005f6c       0x10 Drivers/STM32F0xx_HAL_Driver/Src/stm32f0xx_hal_tim_ex.o
                0x0000000008005f6c                HAL_TIMEx_CommutCallback
 .text.HAL_TIMEx_BreakCallback
                0x0000000008005f7c       0x10 Drivers/STM32F0xx_HAL_Driver/Src/stm32f0xx_hal_tim_ex.o
                0x0000000008005f7c                HAL_TIMEx_BreakCallback
 .text.HAL_UART_Init
                0x0000000008005f8c       0xa8 Drivers/STM32F0xx_HAL_Driver/Src/stm32f0xx_hal_uart.o
                0x0000000008005f8c                HAL_UART_Init
 .text.HAL_UART_Transmit
                0x0000000008006034      0x150 Drivers/STM32F0xx_HAL_Driver/Src/stm32f0xx_hal_uart.o
                0x0000000008006034                HAL_UART_Transmit
 .text.HAL_UART_Receive_IT
                0x0000000008006184      0x148 Drivers/STM32F0xx_HAL_Driver/Src/stm32f0xx_hal_uart.o
                0x0000000008006184                HAL_UART_Receive_IT
 .text.HAL_UART_IRQHandler
                0x00000000080062cc      0x250 Drivers/STM32F0xx_HAL_Driver/Src/stm32f0xx_hal_uart.o
                0x00000000080062cc                HAL_UART_IRQHandler
 .text.HAL_UART_TxCpltCallback
                0x000000000800651c       0x10 Drivers/STM32F0xx_HAL_Driver/Src/stm32f0xx_hal_uart.o
                0x000000000800651c                HAL_UART_TxCpltCallback
 .text.HAL_UART_RxCpltCallback
                0x000000000800652c       0x10 Drivers/STM32F0xx_HAL_Driver/Src/stm32f0xx_hal_uart.o
                0x000000000800652c                HAL_UART_RxCpltCallback
 .text.HAL_UART_ErrorCallback
                0x000000000800653c       0x10 Drivers/STM32F0xx_HAL_Driver/Src/stm32f0xx_hal_uart.o
                0x000000000800653c                HAL_UART_ErrorCallback
 .text.UART_SetConfig
                0x000000000800654c      0x30c Drivers/STM32F0xx_HAL_Driver/Src/stm32f0xx_hal_uart.o
                0x000000000800654c                UART_SetConfig
 .text.UART_AdvFeatureConfig
                0x0000000008006858      0x168 Drivers/STM32F0xx_HAL_Driver/Src/stm32f0xx_hal_uart.o
                0x0000000008006858                UART_AdvFeatureConfig
 .text.UART_CheckIdleState
                0x00000000080069c0       0x8c Drivers/STM32F0xx_HAL_Driver/Src/stm32f0xx_hal_uart.o
                0x00000000080069c0                UART_CheckIdleState
 .text.UART_WaitOnFlagUntilTimeout
                0x0000000008006a4c       0xfc Drivers/STM32F0xx_HAL_Driver/Src/stm32f0xx_hal_uart.o
                0x0000000008006a4c                UART_WaitOnFlagUntilTimeout
 .text.UART_EndRxTransfer
                0x0000000008006b48       0x40 Drivers/STM32F0xx_HAL_Driver/Src/stm32f0xx_hal_uart.o
 .text.UART_DMAAbortOnError
                0x0000000008006b88       0x2e Drivers/STM32F0xx_HAL_Driver/Src/stm32f0xx_hal_uart.o
 .text.UART_EndTransmit_IT
                0x0000000008006bb6       0x34 Drivers/STM32F0xx_HAL_Driver/Src/stm32f0xx_hal_uart.o
 *fill*         0x0000000008006bea        0x2 
 .text.UART_RxISR_8BIT
                0x0000000008006bec       0xbc Drivers/STM32F0xx_HAL_Driver/Src/stm32f0xx_hal_uart.o
 .text.UART_RxISR_16BIT
                0x0000000008006ca8       0xbc Drivers/STM32F0xx_HAL_Driver/Src/stm32f0xx_hal_uart.o
 .text.__libc_init_array
                0x0000000008006d64       0x48 c:/st/stm32cubeide_1.3.0/stm32cubeide/plugins/com.st.stm32cube.ide.mcu.externaltools.gnu-tools-for-stm32.7-2018-q2-update.win32_1.0.0.201904181610/tools/bin/../lib/gcc/arm-none-eabi/7.3.1/../../../../arm-none-eabi/lib/thumb/v6-m\libc_nano.a(lib_a-init.o)
                0x0000000008006d64                __libc_init_array
 .text.memset   0x0000000008006dac       0x10 c:/st/stm32cubeide_1.3.0/stm32cubeide/plugins/com.st.stm32cube.ide.mcu.externaltools.gnu-tools-for-stm32.7-2018-q2-update.win32_1.0.0.201904181610/tools/bin/../lib/gcc/arm-none-eabi/7.3.1/../../../../arm-none-eabi/lib/thumb/v6-m\libc_nano.a(lib_a-memset.o)
                0x0000000008006dac                memset
 *(.glue_7)
 .glue_7        0x0000000008006dbc        0x0 linker stubs
 *(.glue_7t)
 .glue_7t       0x0000000008006dbc        0x0 linker stubs
 *(.eh_frame)
 .eh_frame      0x0000000008006dbc        0x0 c:/st/stm32cubeide_1.3.0/stm32cubeide/plugins/com.st.stm32cube.ide.mcu.externaltools.gnu-tools-for-stm32.7-2018-q2-update.win32_1.0.0.201904181610/tools/bin/../lib/gcc/arm-none-eabi/7.3.1/thumb/v6-m/crtbegin.o
 *(.init)
 .init          0x0000000008006dbc        0x4 c:/st/stm32cubeide_1.3.0/stm32cubeide/plugins/com.st.stm32cube.ide.mcu.externaltools.gnu-tools-for-stm32.7-2018-q2-update.win32_1.0.0.201904181610/tools/bin/../lib/gcc/arm-none-eabi/7.3.1/thumb/v6-m/crti.o
                0x0000000008006dbc                _init
 .init          0x0000000008006dc0        0x8 c:/st/stm32cubeide_1.3.0/stm32cubeide/plugins/com.st.stm32cube.ide.mcu.externaltools.gnu-tools-for-stm32.7-2018-q2-update.win32_1.0.0.201904181610/tools/bin/../lib/gcc/arm-none-eabi/7.3.1/thumb/v6-m/crtn.o
 *(.fini)
 .fini          0x0000000008006dc8        0x4 c:/st/stm32cubeide_1.3.0/stm32cubeide/plugins/com.st.stm32cube.ide.mcu.externaltools.gnu-tools-for-stm32.7-2018-q2-update.win32_1.0.0.201904181610/tools/bin/../lib/gcc/arm-none-eabi/7.3.1/thumb/v6-m/crti.o
                0x0000000008006dc8                _fini
 .fini          0x0000000008006dcc        0x8 c:/st/stm32cubeide_1.3.0/stm32cubeide/plugins/com.st.stm32cube.ide.mcu.externaltools.gnu-tools-for-stm32.7-2018-q2-update.win32_1.0.0.201904181610/tools/bin/../lib/gcc/arm-none-eabi/7.3.1/thumb/v6-m/crtn.o
                0x0000000008006dd4                . = ALIGN (0x4)
                0x0000000008006dd4                _etext = .

.vfp11_veneer   0x0000000008006dd4        0x0
 .vfp11_veneer  0x0000000008006dd4        0x0 linker stubs

.v4_bx          0x0000000008006dd4        0x0
 .v4_bx         0x0000000008006dd4        0x0 linker stubs

.iplt           0x0000000008006dd4        0x0
 .iplt          0x0000000008006dd4        0x0 c:/st/stm32cubeide_1.3.0/stm32cubeide/plugins/com.st.stm32cube.ide.mcu.externaltools.gnu-tools-for-stm32.7-2018-q2-update.win32_1.0.0.201904181610/tools/bin/../lib/gcc/arm-none-eabi/7.3.1/thumb/v6-m/crtbegin.o

.rodata         0x0000000008006dd4      0x10c
                0x0000000008006dd4                . = ALIGN (0x4)
 *(.rodata)
 .rodata        0x0000000008006dd4       0x20 Drivers/STM32F0xx_HAL_Driver/Src/stm32f0xx_hal_rcc.o
 .rodata        0x0000000008006df4       0x80 c:/st/stm32cubeide_1.3.0/stm32cubeide/plugins/com.st.stm32cube.ide.mcu.externaltools.gnu-tools-for-stm32.7-2018-q2-update.win32_1.0.0.201904181610/tools/bin/../lib/gcc/arm-none-eabi/7.3.1/thumb/v6-m\libgcc.a(divsf3.o)
 *(.rodata*)
 .rodata.StartProcess
                0x0000000008006e74       0x54 Core/Src/mainProcess.o
 .rodata.AHBPrescTable
                0x0000000008006ec8       0x10 Core/Src/system_stm32f0xx.o
                0x0000000008006ec8                AHBPrescTable
 .rodata.APBPrescTable
                0x0000000008006ed8        0x8 Core/Src/system_stm32f0xx.o
                0x0000000008006ed8                APBPrescTable
                0x0000000008006ee0                . = ALIGN (0x4)

.rel.dyn        0x0000000008006ee0        0x0
 .rel.iplt      0x0000000008006ee0        0x0 c:/st/stm32cubeide_1.3.0/stm32cubeide/plugins/com.st.stm32cube.ide.mcu.externaltools.gnu-tools-for-stm32.7-2018-q2-update.win32_1.0.0.201904181610/tools/bin/../lib/gcc/arm-none-eabi/7.3.1/thumb/v6-m/crtbegin.o

.ARM.extab      0x0000000008006ee0        0x0
                0x0000000008006ee0                . = ALIGN (0x4)
 *(.ARM.extab* .gnu.linkonce.armextab.*)
                0x0000000008006ee0                . = ALIGN (0x4)

.ARM            0x0000000008006ee0        0x0
                0x0000000008006ee0                . = ALIGN (0x4)
                0x0000000008006ee0                __exidx_start = .
 *(.ARM.exidx*)
                0x0000000008006ee0                __exidx_end = .
                0x0000000008006ee0                . = ALIGN (0x4)

.preinit_array  0x0000000008006ee0        0x0
                0x0000000008006ee0                . = ALIGN (0x4)
                0x0000000008006ee0                PROVIDE (__preinit_array_start = .)
 *(.preinit_array*)
                0x0000000008006ee0                PROVIDE (__preinit_array_end = .)
                0x0000000008006ee0                . = ALIGN (0x4)

.init_array     0x0000000008006ee0        0x4
                0x0000000008006ee0                . = ALIGN (0x4)
                0x0000000008006ee0                PROVIDE (__init_array_start = .)
 *(SORT_BY_NAME(.init_array.*))
 *(.init_array*)
 .init_array    0x0000000008006ee0        0x4 c:/st/stm32cubeide_1.3.0/stm32cubeide/plugins/com.st.stm32cube.ide.mcu.externaltools.gnu-tools-for-stm32.7-2018-q2-update.win32_1.0.0.201904181610/tools/bin/../lib/gcc/arm-none-eabi/7.3.1/thumb/v6-m/crtbegin.o
                0x0000000008006ee4                PROVIDE (__init_array_end = .)
                0x0000000008006ee4                . = ALIGN (0x4)

.fini_array     0x0000000008006ee4        0x4
                0x0000000008006ee4                . = ALIGN (0x4)
                [!provide]                        PROVIDE (__fini_array_start = .)
 *(SORT_BY_NAME(.fini_array.*))
 *(.fini_array*)
 .fini_array    0x0000000008006ee4        0x4 c:/st/stm32cubeide_1.3.0/stm32cubeide/plugins/com.st.stm32cube.ide.mcu.externaltools.gnu-tools-for-stm32.7-2018-q2-update.win32_1.0.0.201904181610/tools/bin/../lib/gcc/arm-none-eabi/7.3.1/thumb/v6-m/crtbegin.o
                [!provide]                        PROVIDE (__fini_array_end = .)
                0x0000000008006ee8                . = ALIGN (0x4)
                0x0000000008006ee8                _sidata = LOADADDR (.data)

.data           0x0000000020000000       0x8c load address 0x0000000008006ee8
                0x0000000020000000                . = ALIGN (0x4)
                0x0000000020000000                _sdata = .
 *(.data)
 *(.data*)
 .data.Os_Ack   0x0000000020000000       0x40 Core/Src/mainProcessFunction.o
                0x0000000020000000                Os_Ack
 .data.Os_Status
                0x0000000020000040       0x40 Core/Src/mainProcessFunction.o
                0x0000000020000040                Os_Status
 .data.SystemCoreClock
                0x0000000020000080        0x4 Core/Src/system_stm32f0xx.o
                0x0000000020000080                SystemCoreClock
 .data.uwTickPrio
                0x0000000020000084        0x4 Drivers/STM32F0xx_HAL_Driver/Src/stm32f0xx_hal.o
                0x0000000020000084                uwTickPrio
 .data.uwTickFreq
                0x0000000020000088        0x1 Drivers/STM32F0xx_HAL_Driver/Src/stm32f0xx_hal.o
                0x0000000020000088                uwTickFreq
                0x000000002000008c                . = ALIGN (0x4)
 *fill*         0x0000000020000089        0x3 
                0x000000002000008c                _edata = .

.igot.plt       0x000000002000008c        0x0 load address 0x0000000008006f74
 .igot.plt      0x000000002000008c        0x0 c:/st/stm32cubeide_1.3.0/stm32cubeide/plugins/com.st.stm32cube.ide.mcu.externaltools.gnu-tools-for-stm32.7-2018-q2-update.win32_1.0.0.201904181610/tools/bin/../lib/gcc/arm-none-eabi/7.3.1/thumb/v6-m/crtbegin.o
                0x000000002000008c                . = ALIGN (0x4)

.bss            0x000000002000008c      0x390 load address 0x0000000008006f74
                0x000000002000008c                _sbss = .
                0x000000002000008c                __bss_start__ = _sbss
 *(.bss)
 .bss           0x000000002000008c       0x1c c:/st/stm32cubeide_1.3.0/stm32cubeide/plugins/com.st.stm32cube.ide.mcu.externaltools.gnu-tools-for-stm32.7-2018-q2-update.win32_1.0.0.201904181610/tools/bin/../lib/gcc/arm-none-eabi/7.3.1/thumb/v6-m/crtbegin.o
 *(.bss*)
 .bss.counts.9516
                0x00000000200000a8        0x4 Core/Src/mainIT_CallBackFunctions.o
 .bss.counts.9521
                0x00000000200000ac        0x4 Core/Src/mainIT_CallBackFunctions.o
 .bss.counts.9554
                0x00000000200000b0        0x4 Core/Src/mainProcess.o
 *(COMMON)
 COMMON         0x00000000200000b4      0x364 Core/Src/main.o
                0x00000000200000b4                Temperature_NextValue_Milk
                0x00000000200000b8                Temperature_PreviousValue_MilkWater
                0x00000000200000bc                Temperature_PreviousValue_Milk
                0x00000000200000c0                DigitalSensor
                0x00000000200000d8                LevelFlag
                0x00000000200000dc                htim3
                0x000000002000011c                Temperature_PreviousValue_Water
                0x0000000020000120                Process
                0x0000000020000310                htim1
                0x0000000020000350                Temperature_NextValue_MilkWater
                0x0000000020000354                huart2
                0x00000000200003d4                hadc
                0x0000000020000414                Temperature_NextValue_Water
 COMMON         0x0000000020000418        0x4 Drivers/STM32F0xx_HAL_Driver/Src/stm32f0xx_hal.o
                0x0000000020000418                uwTick
                0x000000002000041c                . = ALIGN (0x4)
                0x000000002000041c                _ebss = .
                0x000000002000041c                __bss_end__ = _ebss

._user_heap_stack
                0x000000002000041c      0x604 load address 0x0000000008006f74
                0x0000000020000420                . = ALIGN (0x8)
 *fill*         0x000000002000041c        0x4 
                0x0000000020000420                PROVIDE (end = .)
                [!provide]                        PROVIDE (_end = .)
                0x0000000020000620                . = (. + _Min_Heap_Size)
 *fill*         0x0000000020000420      0x200 
                0x0000000020000a20                . = (. + _Min_Stack_Size)
 *fill*         0x0000000020000620      0x400 
                0x0000000020000a20                . = ALIGN (0x8)

/DISCARD/
 libc.a(*)
 libm.a(*)
 libgcc.a(*)

.ARM.attributes
                0x0000000000000000       0x28
 *(.ARM.attributes)
 .ARM.attributes
                0x0000000000000000       0x1e c:/st/stm32cubeide_1.3.0/stm32cubeide/plugins/com.st.stm32cube.ide.mcu.externaltools.gnu-tools-for-stm32.7-2018-q2-update.win32_1.0.0.201904181610/tools/bin/../lib/gcc/arm-none-eabi/7.3.1/thumb/v6-m/crti.o
 .ARM.attributes
                0x000000000000001e       0x2c c:/st/stm32cubeide_1.3.0/stm32cubeide/plugins/com.st.stm32cube.ide.mcu.externaltools.gnu-tools-for-stm32.7-2018-q2-update.win32_1.0.0.201904181610/tools/bin/../lib/gcc/arm-none-eabi/7.3.1/thumb/v6-m/crtbegin.o
 .ARM.attributes
                0x000000000000004a       0x31 Core/Src/Digital_Sensor.o
 .ARM.attributes
                0x000000000000007b       0x31 Core/Src/main.o
 .ARM.attributes
                0x00000000000000ac       0x31 Core/Src/mainIT_CallBackFunctions.o
 .ARM.attributes
                0x00000000000000dd       0x31 Core/Src/mainProcess.o
 .ARM.attributes
                0x000000000000010e       0x31 Core/Src/mainProcessFunction.o
 .ARM.attributes
                0x000000000000013f       0x31 Core/Src/stm32f0xx_hal_msp.o
 .ARM.attributes
                0x0000000000000170       0x31 Core/Src/stm32f0xx_it.o
 .ARM.attributes
                0x00000000000001a1       0x31 Core/Src/system_stm32f0xx.o
 .ARM.attributes
                0x00000000000001d2       0x21 Core/Startup/startup_stm32f030r8tx.o
 .ARM.attributes
                0x00000000000001f3       0x31 Drivers/STM32F0xx_HAL_Driver/Src/stm32f0xx_hal.o
 .ARM.attributes
                0x0000000000000224       0x31 Drivers/STM32F0xx_HAL_Driver/Src/stm32f0xx_hal_adc.o
 .ARM.attributes
                0x0000000000000255       0x31 Drivers/STM32F0xx_HAL_Driver/Src/stm32f0xx_hal_cortex.o
 .ARM.attributes
                0x0000000000000286       0x31 Drivers/STM32F0xx_HAL_Driver/Src/stm32f0xx_hal_dma.o
 .ARM.attributes
                0x00000000000002b7       0x31 Drivers/STM32F0xx_HAL_Driver/Src/stm32f0xx_hal_gpio.o
 .ARM.attributes
                0x00000000000002e8       0x31 Drivers/STM32F0xx_HAL_Driver/Src/stm32f0xx_hal_rcc.o
 .ARM.attributes
                0x0000000000000319       0x31 Drivers/STM32F0xx_HAL_Driver/Src/stm32f0xx_hal_tim.o
 .ARM.attributes
                0x000000000000034a       0x31 Drivers/STM32F0xx_HAL_Driver/Src/stm32f0xx_hal_tim_ex.o
 .ARM.attributes
                0x000000000000037b       0x31 Drivers/STM32F0xx_HAL_Driver/Src/stm32f0xx_hal_uart.o
 .ARM.attributes
                0x00000000000003ac       0x2c c:/st/stm32cubeide_1.3.0/stm32cubeide/plugins/com.st.stm32cube.ide.mcu.externaltools.gnu-tools-for-stm32.7-2018-q2-update.win32_1.0.0.201904181610/tools/bin/../lib/gcc/arm-none-eabi/7.3.1/../../../../arm-none-eabi/lib/thumb/v6-m\libc_nano.a(lib_a-init.o)
 .ARM.attributes
                0x00000000000003d8       0x2c c:/st/stm32cubeide_1.3.0/stm32cubeide/plugins/com.st.stm32cube.ide.mcu.externaltools.gnu-tools-for-stm32.7-2018-q2-update.win32_1.0.0.201904181610/tools/bin/../lib/gcc/arm-none-eabi/7.3.1/../../../../arm-none-eabi/lib/thumb/v6-m\libc_nano.a(lib_a-memset.o)
 .ARM.attributes
                0x0000000000000404       0x1e c:/st/stm32cubeide_1.3.0/stm32cubeide/plugins/com.st.stm32cube.ide.mcu.externaltools.gnu-tools-for-stm32.7-2018-q2-update.win32_1.0.0.201904181610/tools/bin/../lib/gcc/arm-none-eabi/7.3.1/thumb/v6-m\libgcc.a(_udivsi3.o)
 .ARM.attributes
                0x0000000000000422       0x1e c:/st/stm32cubeide_1.3.0/stm32cubeide/plugins/com.st.stm32cube.ide.mcu.externaltools.gnu-tools-for-stm32.7-2018-q2-update.win32_1.0.0.201904181610/tools/bin/../lib/gcc/arm-none-eabi/7.3.1/thumb/v6-m\libgcc.a(_dvmd_tls.o)
 .ARM.attributes
                0x0000000000000440       0x1e c:/st/stm32cubeide_1.3.0/stm32cubeide/plugins/com.st.stm32cube.ide.mcu.externaltools.gnu-tools-for-stm32.7-2018-q2-update.win32_1.0.0.201904181610/tools/bin/../lib/gcc/arm-none-eabi/7.3.1/thumb/v6-m\libgcc.a(_arm_cmpsf2.o)
 .ARM.attributes
                0x000000000000045e       0x2c c:/st/stm32cubeide_1.3.0/stm32cubeide/plugins/com.st.stm32cube.ide.mcu.externaltools.gnu-tools-for-stm32.7-2018-q2-update.win32_1.0.0.201904181610/tools/bin/../lib/gcc/arm-none-eabi/7.3.1/thumb/v6-m\libgcc.a(_fixunssfsi.o)
 .ARM.attributes
                0x000000000000048a       0x2c c:/st/stm32cubeide_1.3.0/stm32cubeide/plugins/com.st.stm32cube.ide.mcu.externaltools.gnu-tools-for-stm32.7-2018-q2-update.win32_1.0.0.201904181610/tools/bin/../lib/gcc/arm-none-eabi/7.3.1/thumb/v6-m\libgcc.a(addsf3.o)
 .ARM.attributes
                0x00000000000004b6       0x2c c:/st/stm32cubeide_1.3.0/stm32cubeide/plugins/com.st.stm32cube.ide.mcu.externaltools.gnu-tools-for-stm32.7-2018-q2-update.win32_1.0.0.201904181610/tools/bin/../lib/gcc/arm-none-eabi/7.3.1/thumb/v6-m\libgcc.a(divsf3.o)
 .ARM.attributes
                0x00000000000004e2       0x2c c:/st/stm32cubeide_1.3.0/stm32cubeide/plugins/com.st.stm32cube.ide.mcu.externaltools.gnu-tools-for-stm32.7-2018-q2-update.win32_1.0.0.201904181610/tools/bin/../lib/gcc/arm-none-eabi/7.3.1/thumb/v6-m\libgcc.a(eqsf2.o)
 .ARM.attributes
                0x000000000000050e       0x2c c:/st/stm32cubeide_1.3.0/stm32cubeide/plugins/com.st.stm32cube.ide.mcu.externaltools.gnu-tools-for-stm32.7-2018-q2-update.win32_1.0.0.201904181610/tools/bin/../lib/gcc/arm-none-eabi/7.3.1/thumb/v6-m\libgcc.a(gesf2.o)
 .ARM.attributes
                0x000000000000053a       0x2c c:/st/stm32cubeide_1.3.0/stm32cubeide/plugins/com.st.stm32cube.ide.mcu.externaltools.gnu-tools-for-stm32.7-2018-q2-update.win32_1.0.0.201904181610/tools/bin/../lib/gcc/arm-none-eabi/7.3.1/thumb/v6-m\libgcc.a(lesf2.o)
 .ARM.attributes
                0x0000000000000566       0x2c c:/st/stm32cubeide_1.3.0/stm32cubeide/plugins/com.st.stm32cube.ide.mcu.externaltools.gnu-tools-for-stm32.7-2018-q2-update.win32_1.0.0.201904181610/tools/bin/../lib/gcc/arm-none-eabi/7.3.1/thumb/v6-m\libgcc.a(subsf3.o)
 .ARM.attributes
                0x0000000000000592       0x2c c:/st/stm32cubeide_1.3.0/stm32cubeide/plugins/com.st.stm32cube.ide.mcu.externaltools.gnu-tools-for-stm32.7-2018-q2-update.win32_1.0.0.201904181610/tools/bin/../lib/gcc/arm-none-eabi/7.3.1/thumb/v6-m\libgcc.a(fixsfsi.o)
 .ARM.attributes
                0x00000000000005be       0x2c c:/st/stm32cubeide_1.3.0/stm32cubeide/plugins/com.st.stm32cube.ide.mcu.externaltools.gnu-tools-for-stm32.7-2018-q2-update.win32_1.0.0.201904181610/tools/bin/../lib/gcc/arm-none-eabi/7.3.1/thumb/v6-m\libgcc.a(floatsisf.o)
 .ARM.attributes
                0x00000000000005ea       0x2c c:/st/stm32cubeide_1.3.0/stm32cubeide/plugins/com.st.stm32cube.ide.mcu.externaltools.gnu-tools-for-stm32.7-2018-q2-update.win32_1.0.0.201904181610/tools/bin/../lib/gcc/arm-none-eabi/7.3.1/thumb/v6-m\libgcc.a(floatunsisf.o)
 .ARM.attributes
                0x0000000000000616       0x1e c:/st/stm32cubeide_1.3.0/stm32cubeide/plugins/com.st.stm32cube.ide.mcu.externaltools.gnu-tools-for-stm32.7-2018-q2-update.win32_1.0.0.201904181610/tools/bin/../lib/gcc/arm-none-eabi/7.3.1/thumb/v6-m\libgcc.a(_clzsi2.o)
 .ARM.attributes
                0x0000000000000634       0x1e c:/st/stm32cubeide_1.3.0/stm32cubeide/plugins/com.st.stm32cube.ide.mcu.externaltools.gnu-tools-for-stm32.7-2018-q2-update.win32_1.0.0.201904181610/tools/bin/../lib/gcc/arm-none-eabi/7.3.1/thumb/v6-m/crtn.o
OUTPUT(Milk_Water_Module.elf elf32-littlearm)

.debug_info     0x0000000000000000    0x148e1
 .debug_info    0x0000000000000000     0x1374 Core/Src/Digital_Sensor.o
 .debug_info    0x0000000000001374     0x2322 Core/Src/main.o
 .debug_info    0x0000000000003696     0x1eff Core/Src/mainIT_CallBackFunctions.o
 .debug_info    0x0000000000005595     0x1ec1 Core/Src/mainProcess.o
 .debug_info    0x0000000000007456     0x2026 Core/Src/mainProcessFunction.o
 .debug_info    0x000000000000947c     0x17a9 Core/Src/stm32f0xx_hal_msp.o
 .debug_info    0x000000000000ac25     0x1e47 Core/Src/stm32f0xx_it.o
 .debug_info    0x000000000000ca6c      0x29e Core/Src/system_stm32f0xx.o
 .debug_info    0x000000000000cd0a       0x22 Core/Startup/startup_stm32f030r8tx.o
 .debug_info    0x000000000000cd2c      0x685 Drivers/STM32F0xx_HAL_Driver/Src/stm32f0xx_hal.o
 .debug_info    0x000000000000d3b1      0xc9f Drivers/STM32F0xx_HAL_Driver/Src/stm32f0xx_hal_adc.o
 .debug_info    0x000000000000e050      0x762 Drivers/STM32F0xx_HAL_Driver/Src/stm32f0xx_hal_cortex.o
 .debug_info    0x000000000000e7b2      0x79f Drivers/STM32F0xx_HAL_Driver/Src/stm32f0xx_hal_dma.o
 .debug_info    0x000000000000ef51      0x674 Drivers/STM32F0xx_HAL_Driver/Src/stm32f0xx_hal_gpio.o
 .debug_info    0x000000000000f5c5      0x80a Drivers/STM32F0xx_HAL_Driver/Src/stm32f0xx_hal_rcc.o
 .debug_info    0x000000000000fdcf     0x2522 Drivers/STM32F0xx_HAL_Driver/Src/stm32f0xx_hal_tim.o
 .debug_info    0x00000000000122f1     0x10e6 Drivers/STM32F0xx_HAL_Driver/Src/stm32f0xx_hal_tim_ex.o
 .debug_info    0x00000000000133d7     0x150a Drivers/STM32F0xx_HAL_Driver/Src/stm32f0xx_hal_uart.o

.debug_abbrev   0x0000000000000000     0x25ae
 .debug_abbrev  0x0000000000000000      0x2ae Core/Src/Digital_Sensor.o
 .debug_abbrev  0x00000000000002ae      0x2e6 Core/Src/main.o
 .debug_abbrev  0x0000000000000594      0x29e Core/Src/mainIT_CallBackFunctions.o
 .debug_abbrev  0x0000000000000832      0x26c Core/Src/mainProcess.o
 .debug_abbrev  0x0000000000000a9e      0x284 Core/Src/mainProcessFunction.o
 .debug_abbrev  0x0000000000000d22      0x249 Core/Src/stm32f0xx_hal_msp.o
 .debug_abbrev  0x0000000000000f6b      0x296 Core/Src/stm32f0xx_it.o
 .debug_abbrev  0x0000000000001201      0x12b Core/Src/system_stm32f0xx.o
 .debug_abbrev  0x000000000000132c       0x12 Core/Startup/startup_stm32f030r8tx.o
 .debug_abbrev  0x000000000000133e      0x1f2 Drivers/STM32F0xx_HAL_Driver/Src/stm32f0xx_hal.o
 .debug_abbrev  0x0000000000001530      0x1cf Drivers/STM32F0xx_HAL_Driver/Src/stm32f0xx_hal_adc.o
 .debug_abbrev  0x00000000000016ff      0x273 Drivers/STM32F0xx_HAL_Driver/Src/stm32f0xx_hal_cortex.o
 .debug_abbrev  0x0000000000001972      0x1ed Drivers/STM32F0xx_HAL_Driver/Src/stm32f0xx_hal_dma.o
 .debug_abbrev  0x0000000000001b5f      0x1c0 Drivers/STM32F0xx_HAL_Driver/Src/stm32f0xx_hal_gpio.o
 .debug_abbrev  0x0000000000001d1f      0x20f Drivers/STM32F0xx_HAL_Driver/Src/stm32f0xx_hal_rcc.o
 .debug_abbrev  0x0000000000001f2e      0x23f Drivers/STM32F0xx_HAL_Driver/Src/stm32f0xx_hal_tim.o
 .debug_abbrev  0x000000000000216d      0x22d Drivers/STM32F0xx_HAL_Driver/Src/stm32f0xx_hal_tim_ex.o
 .debug_abbrev  0x000000000000239a      0x214 Drivers/STM32F0xx_HAL_Driver/Src/stm32f0xx_hal_uart.o

.debug_aranges  0x0000000000000000      0xe28
 .debug_aranges
                0x0000000000000000       0x98 Core/Src/Digital_Sensor.o
 .debug_aranges
                0x0000000000000098       0x58 Core/Src/main.o
 .debug_aranges
                0x00000000000000f0       0x28 Core/Src/mainIT_CallBackFunctions.o
 .debug_aranges
                0x0000000000000118       0x20 Core/Src/mainProcess.o
 .debug_aranges
                0x0000000000000138      0x110 Core/Src/mainProcessFunction.o
 .debug_aranges
                0x0000000000000248       0x50 Core/Src/stm32f0xx_hal_msp.o
 .debug_aranges
                0x0000000000000298       0x50 Core/Src/stm32f0xx_it.o
 .debug_aranges
                0x00000000000002e8       0x28 Core/Src/system_stm32f0xx.o
 .debug_aranges
                0x0000000000000310       0x28 Core/Startup/startup_stm32f030r8tx.o
 .debug_aranges
                0x0000000000000338       0xd0 Drivers/STM32F0xx_HAL_Driver/Src/stm32f0xx_hal.o
 .debug_aranges
                0x0000000000000408       0xf8 Drivers/STM32F0xx_HAL_Driver/Src/stm32f0xx_hal_adc.o
 .debug_aranges
                0x0000000000000500       0xc0 Drivers/STM32F0xx_HAL_Driver/Src/stm32f0xx_hal_cortex.o
 .debug_aranges
                0x00000000000005c0       0x88 Drivers/STM32F0xx_HAL_Driver/Src/stm32f0xx_hal_dma.o
 .debug_aranges
                0x0000000000000648       0x58 Drivers/STM32F0xx_HAL_Driver/Src/stm32f0xx_hal_gpio.o
 .debug_aranges
                0x00000000000006a0       0x80 Drivers/STM32F0xx_HAL_Driver/Src/stm32f0xx_hal_rcc.o
 .debug_aranges
                0x0000000000000720      0x3b8 Drivers/STM32F0xx_HAL_Driver/Src/stm32f0xx_hal_tim.o
 .debug_aranges
                0x0000000000000ad8      0x150 Drivers/STM32F0xx_HAL_Driver/Src/stm32f0xx_hal_tim_ex.o
 .debug_aranges
                0x0000000000000c28      0x200 Drivers/STM32F0xx_HAL_Driver/Src/stm32f0xx_hal_uart.o

.debug_ranges   0x0000000000000000      0xd40
 .debug_ranges  0x0000000000000000       0x88 Core/Src/Digital_Sensor.o
 .debug_ranges  0x0000000000000088       0x48 Core/Src/main.o
 .debug_ranges  0x00000000000000d0       0x48 Core/Src/mainIT_CallBackFunctions.o
 .debug_ranges  0x0000000000000118       0x10 Core/Src/mainProcess.o
 .debug_ranges  0x0000000000000128      0x100 Core/Src/mainProcessFunction.o
 .debug_ranges  0x0000000000000228       0x40 Core/Src/stm32f0xx_hal_msp.o
 .debug_ranges  0x0000000000000268       0x40 Core/Src/stm32f0xx_it.o
 .debug_ranges  0x00000000000002a8       0x18 Core/Src/system_stm32f0xx.o
 .debug_ranges  0x00000000000002c0       0x20 Core/Startup/startup_stm32f030r8tx.o
 .debug_ranges  0x00000000000002e0       0xc0 Drivers/STM32F0xx_HAL_Driver/Src/stm32f0xx_hal.o
 .debug_ranges  0x00000000000003a0       0xe8 Drivers/STM32F0xx_HAL_Driver/Src/stm32f0xx_hal_adc.o
 .debug_ranges  0x0000000000000488       0xb0 Drivers/STM32F0xx_HAL_Driver/Src/stm32f0xx_hal_cortex.o
 .debug_ranges  0x0000000000000538       0x78 Drivers/STM32F0xx_HAL_Driver/Src/stm32f0xx_hal_dma.o
 .debug_ranges  0x00000000000005b0       0x48 Drivers/STM32F0xx_HAL_Driver/Src/stm32f0xx_hal_gpio.o
 .debug_ranges  0x00000000000005f8       0x70 Drivers/STM32F0xx_HAL_Driver/Src/stm32f0xx_hal_rcc.o
 .debug_ranges  0x0000000000000668      0x3a8 Drivers/STM32F0xx_HAL_Driver/Src/stm32f0xx_hal_tim.o
 .debug_ranges  0x0000000000000a10      0x140 Drivers/STM32F0xx_HAL_Driver/Src/stm32f0xx_hal_tim_ex.o
 .debug_ranges  0x0000000000000b50      0x1f0 Drivers/STM32F0xx_HAL_Driver/Src/stm32f0xx_hal_uart.o

.debug_macro    0x0000000000000000     0xff65
 .debug_macro   0x0000000000000000      0x4b0 Core/Src/Digital_Sensor.o
 .debug_macro   0x00000000000004b0      0xa48 Core/Src/Digital_Sensor.o
 .debug_macro   0x0000000000000ef8      0x139 Core/Src/Digital_Sensor.o
 .debug_macro   0x0000000000001031       0x2e Core/Src/Digital_Sensor.o
 .debug_macro   0x000000000000105f       0x22 Core/Src/Digital_Sensor.o
 .debug_macro   0x0000000000001081       0x22 Core/Src/Digital_Sensor.o
 .debug_macro   0x00000000000010a3       0x8e Core/Src/Digital_Sensor.o
 .debug_macro   0x0000000000001131       0x51 Core/Src/Digital_Sensor.o
 .debug_macro   0x0000000000001182       0xef Core/Src/Digital_Sensor.o
 .debug_macro   0x0000000000001271       0x6a Core/Src/Digital_Sensor.o
 .debug_macro   0x00000000000012db      0x1df Core/Src/Digital_Sensor.o
 .debug_macro   0x00000000000014ba       0x1c Core/Src/Digital_Sensor.o
 .debug_macro   0x00000000000014d6       0x22 Core/Src/Digital_Sensor.o
 .debug_macro   0x00000000000014f8       0xb5 Core/Src/Digital_Sensor.o
 .debug_macro   0x00000000000015ad      0x391 Core/Src/Digital_Sensor.o
 .debug_macro   0x000000000000193e     0x6f39 Core/Src/Digital_Sensor.o
 .debug_macro   0x0000000000008877       0x3c Core/Src/Digital_Sensor.o
 .debug_macro   0x00000000000088b3      0x174 Core/Src/Digital_Sensor.o
 .debug_macro   0x0000000000008a27       0x54 Core/Src/Digital_Sensor.o
 .debug_macro   0x0000000000008a7b      0x924 Core/Src/Digital_Sensor.o
 .debug_macro   0x000000000000939f      0x17f Core/Src/Digital_Sensor.o
 .debug_macro   0x000000000000951e      0x12f Core/Src/Digital_Sensor.o
 .debug_macro   0x000000000000964d       0xd9 Core/Src/Digital_Sensor.o
 .debug_macro   0x0000000000009726      0x1a0 Core/Src/Digital_Sensor.o
 .debug_macro   0x00000000000098c6      0x1ed Core/Src/Digital_Sensor.o
 .debug_macro   0x0000000000009ab3       0x34 Core/Src/Digital_Sensor.o
 .debug_macro   0x0000000000009ae7       0x43 Core/Src/Digital_Sensor.o
 .debug_macro   0x0000000000009b2a       0x28 Core/Src/Digital_Sensor.o
 .debug_macro   0x0000000000009b52      0x33d Core/Src/Digital_Sensor.o
 .debug_macro   0x0000000000009e8f       0xc2 Core/Src/Digital_Sensor.o
 .debug_macro   0x0000000000009f51       0xb0 Core/Src/Digital_Sensor.o
 .debug_macro   0x000000000000a001      0x199 Core/Src/Digital_Sensor.o
 .debug_macro   0x000000000000a19a      0x22c Core/Src/Digital_Sensor.o
 .debug_macro   0x000000000000a3c6       0x60 Core/Src/Digital_Sensor.o
 .debug_macro   0x000000000000a426       0xa5 Core/Src/Digital_Sensor.o
 .debug_macro   0x000000000000a4cb       0x4c Core/Src/Digital_Sensor.o
 .debug_macro   0x000000000000a517       0x2b Core/Src/Digital_Sensor.o
 .debug_macro   0x000000000000a542      0x8ae Core/Src/Digital_Sensor.o
 .debug_macro   0x000000000000adf0       0x28 Core/Src/Digital_Sensor.o
 .debug_macro   0x000000000000ae18      0x543 Core/Src/Digital_Sensor.o
 .debug_macro   0x000000000000b35b       0x3e Core/Src/Digital_Sensor.o
 .debug_macro   0x000000000000b399       0xff Core/Src/Digital_Sensor.o
 .debug_macro   0x000000000000b498       0x46 Core/Src/Digital_Sensor.o
 .debug_macro   0x000000000000b4de       0x18 Core/Src/Digital_Sensor.o
 .debug_macro   0x000000000000b4f6       0x3c Core/Src/Digital_Sensor.o
 .debug_macro   0x000000000000b532       0x34 Core/Src/Digital_Sensor.o
 .debug_macro   0x000000000000b566       0x16 Core/Src/Digital_Sensor.o
 .debug_macro   0x000000000000b57c       0x35 Core/Src/Digital_Sensor.o
 .debug_macro   0x000000000000b5b1      0x32a Core/Src/Digital_Sensor.o
 .debug_macro   0x000000000000b8db       0x10 Core/Src/Digital_Sensor.o
 .debug_macro   0x000000000000b8eb       0x52 Core/Src/Digital_Sensor.o
 .debug_macro   0x000000000000b93d       0x1f Core/Src/Digital_Sensor.o
 .debug_macro   0x000000000000b95c       0x43 Core/Src/Digital_Sensor.o
 .debug_macro   0x000000000000b99f       0x20 Core/Src/Digital_Sensor.o
 .debug_macro   0x000000000000b9bf      0x1a3 Core/Src/Digital_Sensor.o
 .debug_macro   0x000000000000bb62       0x10 Core/Src/Digital_Sensor.o
 .debug_macro   0x000000000000bb72       0x1c Core/Src/Digital_Sensor.o
 .debug_macro   0x000000000000bb8e       0x52 Core/Src/Digital_Sensor.o
 .debug_macro   0x000000000000bbe0       0x40 Core/Src/Digital_Sensor.o
 .debug_macro   0x000000000000bc20       0x10 Core/Src/Digital_Sensor.o
 .debug_macro   0x000000000000bc30       0x40 Core/Src/Digital_Sensor.o
 .debug_macro   0x000000000000bc70       0xd7 Core/Src/Digital_Sensor.o
 .debug_macro   0x000000000000bd47       0x1c Core/Src/Digital_Sensor.o
 .debug_macro   0x000000000000bd63       0x3d Core/Src/Digital_Sensor.o
 .debug_macro   0x000000000000bda0       0x16 Core/Src/Digital_Sensor.o
 .debug_macro   0x000000000000bdb6      0x145 Core/Src/Digital_Sensor.o
 .debug_macro   0x000000000000befb       0x16 Core/Src/Digital_Sensor.o
 .debug_macro   0x000000000000bf11       0x16 Core/Src/Digital_Sensor.o
 .debug_macro   0x000000000000bf27       0x29 Core/Src/Digital_Sensor.o
 .debug_macro   0x000000000000bf50       0x16 Core/Src/Digital_Sensor.o
 .debug_macro   0x000000000000bf66       0x20 Core/Src/Digital_Sensor.o
 .debug_macro   0x000000000000bf86      0x111 Core/Src/Digital_Sensor.o
 .debug_macro   0x000000000000c097       0x22 Core/Src/Digital_Sensor.o
 .debug_macro   0x000000000000c0b9      0x1e1 Core/Src/Digital_Sensor.o
 .debug_macro   0x000000000000c29a       0x4c Core/Src/Digital_Sensor.o
 .debug_macro   0x000000000000c2e6      0x189 Core/Src/Digital_Sensor.o
 .debug_macro   0x000000000000c46f       0x16 Core/Src/Digital_Sensor.o
 .debug_macro   0x000000000000c485       0x10 Core/Src/Digital_Sensor.o
 .debug_macro   0x000000000000c495      0x460 Core/Src/Digital_Sensor.o
 .debug_macro   0x000000000000c8f5       0x2b Core/Src/Digital_Sensor.o
 .debug_macro   0x000000000000c920      0x118 Core/Src/Digital_Sensor.o
 .debug_macro   0x000000000000ca38       0x1c Core/Src/Digital_Sensor.o
 .debug_macro   0x000000000000ca54      0x1e7 Core/Src/Digital_Sensor.o
 .debug_macro   0x000000000000cc3b       0x10 Core/Src/Digital_Sensor.o
 .debug_macro   0x000000000000cc4b       0x3c Core/Src/Digital_Sensor.o
 .debug_macro   0x000000000000cc87       0x16 Core/Src/Digital_Sensor.o
 .debug_macro   0x000000000000cc9d       0x22 Core/Src/Digital_Sensor.o
 .debug_macro   0x000000000000ccbf       0x2c Core/Src/Digital_Sensor.o
 .debug_macro   0x000000000000cceb       0x10 Core/Src/Digital_Sensor.o
 .debug_macro   0x000000000000ccfb       0x5e Core/Src/Digital_Sensor.o
 .debug_macro   0x000000000000cd59       0x4c Core/Src/Digital_Sensor.o
 .debug_macro   0x000000000000cda5       0x1c Core/Src/Digital_Sensor.o
 .debug_macro   0x000000000000cdc1      0x1f9 Core/Src/Digital_Sensor.o
 .debug_macro   0x000000000000cfba      0x4d7 Core/Src/main.o
 .debug_macro   0x000000000000d491       0x34 Core/Src/main.o
 .debug_macro   0x000000000000d4c5      0x4d7 Core/Src/mainIT_CallBackFunctions.o
 .debug_macro   0x000000000000d99c      0x4d7 Core/Src/mainProcess.o
 .debug_macro   0x000000000000de73      0x4c3 Core/Src/mainProcessFunction.o
 .debug_macro   0x000000000000e336      0x4a6 Core/Src/stm32f0xx_hal_msp.o
 .debug_macro   0x000000000000e7dc      0x4e1 Core/Src/stm32f0xx_it.o
 .debug_macro   0x000000000000ecbd      0x1cc Core/Src/system_stm32f0xx.o
 .debug_macro   0x000000000000ee89      0x1f0 Drivers/STM32F0xx_HAL_Driver/Src/stm32f0xx_hal.o
 .debug_macro   0x000000000000f079      0x1f0 Drivers/STM32F0xx_HAL_Driver/Src/stm32f0xx_hal_adc.o
 .debug_macro   0x000000000000f269      0x1cc Drivers/STM32F0xx_HAL_Driver/Src/stm32f0xx_hal_cortex.o
 .debug_macro   0x000000000000f435      0x1cc Drivers/STM32F0xx_HAL_Driver/Src/stm32f0xx_hal_dma.o
 .debug_macro   0x000000000000f601      0x204 Drivers/STM32F0xx_HAL_Driver/Src/stm32f0xx_hal_gpio.o
 .debug_macro   0x000000000000f805      0x1de Drivers/STM32F0xx_HAL_Driver/Src/stm32f0xx_hal_rcc.o
 .debug_macro   0x000000000000f9e3      0x1cd Drivers/STM32F0xx_HAL_Driver/Src/stm32f0xx_hal_tim.o
 .debug_macro   0x000000000000fbb0      0x1cc Drivers/STM32F0xx_HAL_Driver/Src/stm32f0xx_hal_tim_ex.o
 .debug_macro   0x000000000000fd7c      0x1e9 Drivers/STM32F0xx_HAL_Driver/Src/stm32f0xx_hal_uart.o

.debug_line     0x0000000000000000     0xcda5
 .debug_line    0x0000000000000000      0xcd5 Core/Src/Digital_Sensor.o
 .debug_line    0x0000000000000cd5      0xc18 Core/Src/main.o
 .debug_line    0x00000000000018ed      0xc08 Core/Src/mainIT_CallBackFunctions.o
 .debug_line    0x00000000000024f5      0xc8d Core/Src/mainProcess.o
 .debug_line    0x0000000000003182      0xdb7 Core/Src/mainProcessFunction.o
 .debug_line    0x0000000000003f39      0xb2c Core/Src/stm32f0xx_hal_msp.o
 .debug_line    0x0000000000004a65      0xb7a Core/Src/stm32f0xx_it.o
 .debug_line    0x00000000000055df      0x6e7 Core/Src/system_stm32f0xx.o
 .debug_line    0x0000000000005cc6       0x89 Core/Startup/startup_stm32f030r8tx.o
 .debug_line    0x0000000000005d4f      0x883 Drivers/STM32F0xx_HAL_Driver/Src/stm32f0xx_hal.o
 .debug_line    0x00000000000065d2      0xc42 Drivers/STM32F0xx_HAL_Driver/Src/stm32f0xx_hal_adc.o
 .debug_line    0x0000000000007214      0x89b Drivers/STM32F0xx_HAL_Driver/Src/stm32f0xx_hal_cortex.o
 .debug_line    0x0000000000007aaf      0x8e1 Drivers/STM32F0xx_HAL_Driver/Src/stm32f0xx_hal_dma.o
 .debug_line    0x0000000000008390      0x846 Drivers/STM32F0xx_HAL_Driver/Src/stm32f0xx_hal_gpio.o
 .debug_line    0x0000000000008bd6      0x944 Drivers/STM32F0xx_HAL_Driver/Src/stm32f0xx_hal_rcc.o
 .debug_line    0x000000000000951a     0x1aa6 Drivers/STM32F0xx_HAL_Driver/Src/stm32f0xx_hal_tim.o
 .debug_line    0x000000000000afc0      0xcca Drivers/STM32F0xx_HAL_Driver/Src/stm32f0xx_hal_tim_ex.o
 .debug_line    0x000000000000bc8a     0x111b Drivers/STM32F0xx_HAL_Driver/Src/stm32f0xx_hal_uart.o

.debug_str      0x0000000000000000    0x5460a
 .debug_str     0x0000000000000000    0x50315 Core/Src/Digital_Sensor.o
                                      0x50721 (size before relaxing)
 .debug_str     0x0000000000050315     0x104b Core/Src/main.o
                                      0x5169f (size before relaxing)
 .debug_str     0x0000000000051360      0x1e1 Core/Src/mainIT_CallBackFunctions.o
                                      0x514d8 (size before relaxing)
 .debug_str     0x0000000000051541       0x64 Core/Src/mainProcess.o
                                      0x5147b (size before relaxing)
 .debug_str     0x00000000000515a5      0x34b Core/Src/mainProcessFunction.o
                                      0x51669 (size before relaxing)
 .debug_str     0x00000000000518f0      0x1d5 Core/Src/stm32f0xx_hal_msp.o
                                      0x50b81 (size before relaxing)
 .debug_str     0x0000000000051ac5       0x95 Core/Src/stm32f0xx_it.o
                                      0x513fc (size before relaxing)
 .debug_str     0x0000000000051b5a       0x5f Core/Src/system_stm32f0xx.o
                                      0x479c1 (size before relaxing)
 .debug_str     0x0000000000051bb9       0x8b Core/Startup/startup_stm32f030r8tx.o
 .debug_str     0x0000000000051c44      0x398 Drivers/STM32F0xx_HAL_Driver/Src/stm32f0xx_hal.o
                                      0x47ec9 (size before relaxing)
 .debug_str     0x0000000000051fdc      0x37f Drivers/STM32F0xx_HAL_Driver/Src/stm32f0xx_hal_adc.o
                                      0x480c1 (size before relaxing)
 .debug_str     0x000000000005235b      0x1f8 Drivers/STM32F0xx_HAL_Driver/Src/stm32f0xx_hal_cortex.o
                                      0x47d81 (size before relaxing)
 .debug_str     0x0000000000052553      0x252 Drivers/STM32F0xx_HAL_Driver/Src/stm32f0xx_hal_dma.o
                                      0x47d99 (size before relaxing)
 .debug_str     0x00000000000527a5      0x1f9 Drivers/STM32F0xx_HAL_Driver/Src/stm32f0xx_hal_gpio.o
                                      0x47c5d (size before relaxing)
 .debug_str     0x000000000005299e      0x254 Drivers/STM32F0xx_HAL_Driver/Src/stm32f0xx_hal_rcc.o
                                      0x47dcb (size before relaxing)
 .debug_str     0x0000000000052bf2      0xd37 Drivers/STM32F0xx_HAL_Driver/Src/stm32f0xx_hal_tim.o
                                      0x48bba (size before relaxing)
 .debug_str     0x0000000000053929      0x52f Drivers/STM32F0xx_HAL_Driver/Src/stm32f0xx_hal_tim_ex.o
                                      0x4836e (size before relaxing)
 .debug_str     0x0000000000053e58      0x7b2 Drivers/STM32F0xx_HAL_Driver/Src/stm32f0xx_hal_uart.o
                                      0x485a5 (size before relaxing)

.comment        0x0000000000000000       0x7b
 .comment       0x0000000000000000       0x7b Core/Src/Digital_Sensor.o
                                         0x7c (size before relaxing)
 .comment       0x000000000000007b       0x7c Core/Src/main.o
 .comment       0x000000000000007b       0x7c Core/Src/mainIT_CallBackFunctions.o
 .comment       0x000000000000007b       0x7c Core/Src/mainProcess.o
 .comment       0x000000000000007b       0x7c Core/Src/mainProcessFunction.o
 .comment       0x000000000000007b       0x7c Core/Src/stm32f0xx_hal_msp.o
 .comment       0x000000000000007b       0x7c Core/Src/stm32f0xx_it.o
 .comment       0x000000000000007b       0x7c Core/Src/system_stm32f0xx.o
 .comment       0x000000000000007b       0x7c Drivers/STM32F0xx_HAL_Driver/Src/stm32f0xx_hal.o
 .comment       0x000000000000007b       0x7c Drivers/STM32F0xx_HAL_Driver/Src/stm32f0xx_hal_adc.o
 .comment       0x000000000000007b       0x7c Drivers/STM32F0xx_HAL_Driver/Src/stm32f0xx_hal_cortex.o
 .comment       0x000000000000007b       0x7c Drivers/STM32F0xx_HAL_Driver/Src/stm32f0xx_hal_dma.o
 .comment       0x000000000000007b       0x7c Drivers/STM32F0xx_HAL_Driver/Src/stm32f0xx_hal_gpio.o
 .comment       0x000000000000007b       0x7c Drivers/STM32F0xx_HAL_Driver/Src/stm32f0xx_hal_rcc.o
 .comment       0x000000000000007b       0x7c Drivers/STM32F0xx_HAL_Driver/Src/stm32f0xx_hal_tim.o
 .comment       0x000000000000007b       0x7c Drivers/STM32F0xx_HAL_Driver/Src/stm32f0xx_hal_tim_ex.o
 .comment       0x000000000000007b       0x7c Drivers/STM32F0xx_HAL_Driver/Src/stm32f0xx_hal_uart.o

.debug_frame    0x0000000000000000     0x33fc
 .debug_frame   0x0000000000000000      0x21c Core/Src/Digital_Sensor.o
 .debug_frame   0x000000000000021c      0x104 Core/Src/main.o
 .debug_frame   0x0000000000000320       0x50 Core/Src/mainIT_CallBackFunctions.o
 .debug_frame   0x0000000000000370       0x30 Core/Src/mainProcess.o
 .debug_frame   0x00000000000003a0      0x384 Core/Src/mainProcessFunction.o
 .debug_frame   0x0000000000000724       0xf0 Core/Src/stm32f0xx_hal_msp.o
 .debug_frame   0x0000000000000814       0xd4 Core/Src/stm32f0xx_it.o
 .debug_frame   0x00000000000008e8       0x4c Core/Src/system_stm32f0xx.o
 .debug_frame   0x0000000000000934      0x2a4 Drivers/STM32F0xx_HAL_Driver/Src/stm32f0xx_hal.o
 .debug_frame   0x0000000000000bd8      0x3a0 Drivers/STM32F0xx_HAL_Driver/Src/stm32f0xx_hal_adc.o
 .debug_frame   0x0000000000000f78      0x2a0 Drivers/STM32F0xx_HAL_Driver/Src/stm32f0xx_hal_cortex.o
 .debug_frame   0x0000000000001218      0x1d0 Drivers/STM32F0xx_HAL_Driver/Src/stm32f0xx_hal_dma.o
 .debug_frame   0x00000000000013e8      0x110 Drivers/STM32F0xx_HAL_Driver/Src/stm32f0xx_hal_gpio.o
 .debug_frame   0x00000000000014f8      0x198 Drivers/STM32F0xx_HAL_Driver/Src/stm32f0xx_hal_rcc.o
 .debug_frame   0x0000000000001690      0xe90 Drivers/STM32F0xx_HAL_Driver/Src/stm32f0xx_hal_tim.o
 .debug_frame   0x0000000000002520      0x4f0 Drivers/STM32F0xx_HAL_Driver/Src/stm32f0xx_hal_tim_ex.o
 .debug_frame   0x0000000000002a10      0x7b0 Drivers/STM32F0xx_HAL_Driver/Src/stm32f0xx_hal_uart.o
 .debug_frame   0x00000000000031c0       0x2c c:/st/stm32cubeide_1.3.0/stm32cubeide/plugins/com.st.stm32cube.ide.mcu.externaltools.gnu-tools-for-stm32.7-2018-q2-update.win32_1.0.0.201904181610/tools/bin/../lib/gcc/arm-none-eabi/7.3.1/../../../../arm-none-eabi/lib/thumb/v6-m\libc_nano.a(lib_a-init.o)
 .debug_frame   0x00000000000031ec       0x20 c:/st/stm32cubeide_1.3.0/stm32cubeide/plugins/com.st.stm32cube.ide.mcu.externaltools.gnu-tools-for-stm32.7-2018-q2-update.win32_1.0.0.201904181610/tools/bin/../lib/gcc/arm-none-eabi/7.3.1/../../../../arm-none-eabi/lib/thumb/v6-m\libc_nano.a(lib_a-memset.o)
 .debug_frame   0x000000000000320c       0x20 c:/st/stm32cubeide_1.3.0/stm32cubeide/plugins/com.st.stm32cube.ide.mcu.externaltools.gnu-tools-for-stm32.7-2018-q2-update.win32_1.0.0.201904181610/tools/bin/../lib/gcc/arm-none-eabi/7.3.1/thumb/v6-m\libgcc.a(_udivsi3.o)
 .debug_frame   0x000000000000322c       0x28 c:/st/stm32cubeide_1.3.0/stm32cubeide/plugins/com.st.stm32cube.ide.mcu.externaltools.gnu-tools-for-stm32.7-2018-q2-update.win32_1.0.0.201904181610/tools/bin/../lib/gcc/arm-none-eabi/7.3.1/thumb/v6-m\libgcc.a(_fixunssfsi.o)
 .debug_frame   0x0000000000003254       0x38 c:/st/stm32cubeide_1.3.0/stm32cubeide/plugins/com.st.stm32cube.ide.mcu.externaltools.gnu-tools-for-stm32.7-2018-q2-update.win32_1.0.0.201904181610/tools/bin/../lib/gcc/arm-none-eabi/7.3.1/thumb/v6-m\libgcc.a(addsf3.o)
 .debug_frame   0x000000000000328c       0x3c c:/st/stm32cubeide_1.3.0/stm32cubeide/plugins/com.st.stm32cube.ide.mcu.externaltools.gnu-tools-for-stm32.7-2018-q2-update.win32_1.0.0.201904181610/tools/bin/../lib/gcc/arm-none-eabi/7.3.1/thumb/v6-m\libgcc.a(divsf3.o)
 .debug_frame   0x00000000000032c8       0x2c c:/st/stm32cubeide_1.3.0/stm32cubeide/plugins/com.st.stm32cube.ide.mcu.externaltools.gnu-tools-for-stm32.7-2018-q2-update.win32_1.0.0.201904181610/tools/bin/../lib/gcc/arm-none-eabi/7.3.1/thumb/v6-m\libgcc.a(eqsf2.o)
 .debug_frame   0x00000000000032f4       0x2c c:/st/stm32cubeide_1.3.0/stm32cubeide/plugins/com.st.stm32cube.ide.mcu.externaltools.gnu-tools-for-stm32.7-2018-q2-update.win32_1.0.0.201904181610/tools/bin/../lib/gcc/arm-none-eabi/7.3.1/thumb/v6-m\libgcc.a(gesf2.o)
 .debug_frame   0x0000000000003320       0x2c c:/st/stm32cubeide_1.3.0/stm32cubeide/plugins/com.st.stm32cube.ide.mcu.externaltools.gnu-tools-for-stm32.7-2018-q2-update.win32_1.0.0.201904181610/tools/bin/../lib/gcc/arm-none-eabi/7.3.1/thumb/v6-m\libgcc.a(lesf2.o)
 .debug_frame   0x000000000000334c       0x38 c:/st/stm32cubeide_1.3.0/stm32cubeide/plugins/com.st.stm32cube.ide.mcu.externaltools.gnu-tools-for-stm32.7-2018-q2-update.win32_1.0.0.201904181610/tools/bin/../lib/gcc/arm-none-eabi/7.3.1/thumb/v6-m\libgcc.a(subsf3.o)
 .debug_frame   0x0000000000003384       0x20 c:/st/stm32cubeide_1.3.0/stm32cubeide/plugins/com.st.stm32cube.ide.mcu.externaltools.gnu-tools-for-stm32.7-2018-q2-update.win32_1.0.0.201904181610/tools/bin/../lib/gcc/arm-none-eabi/7.3.1/thumb/v6-m\libgcc.a(fixsfsi.o)
 .debug_frame   0x00000000000033a4       0x2c c:/st/stm32cubeide_1.3.0/stm32cubeide/plugins/com.st.stm32cube.ide.mcu.externaltools.gnu-tools-for-stm32.7-2018-q2-update.win32_1.0.0.201904181610/tools/bin/../lib/gcc/arm-none-eabi/7.3.1/thumb/v6-m\libgcc.a(floatsisf.o)
 .debug_frame   0x00000000000033d0       0x2c c:/st/stm32cubeide_1.3.0/stm32cubeide/plugins/com.st.stm32cube.ide.mcu.externaltools.gnu-tools-for-stm32.7-2018-q2-update.win32_1.0.0.201904181610/tools/bin/../lib/gcc/arm-none-eabi/7.3.1/thumb/v6-m\libgcc.a(floatunsisf.o)
