mainProcessFunction.c:29:6:SendAckowledgement	16	static
mainProcessFunction.c:40:6:SendStatus	8	static
mainProcessFunction.c:146:6:Motor_Milk_AntiClkwise	8	static
mainProcessFunction.c:151:6:Motor_Milk_Clkwise	8	static
mainProcessFunction.c:156:6:Motor_Milk_Stop	8	static
mainProcessFunction.c:163:6:Motor_MilkWater_Clkwise	8	static
mainProcessFunction.c:169:6:Motor_MilkWater_AntiClkwise	8	static
mainProcessFunction.c:175:6:Motor_MilkWater_Stop	8	static
mainProcessFunction.c:182:6:Motor_Water_Clkwise	8	static
mainProcessFunction.c:187:6:Motor_Water_Stop	8	static
mainProcessFunction.c:194:6:Motor_CleaningWater_Clkwise	8	static
mainProcessFunction.c:199:6:Motor_CleaningWater_Stop	8	static
mainProcessFunction.c:205:6:Motor_Stirrer_Clkwise	8	static
mainProcessFunction.c:210:6:Motor_Stirrer_AntiClkwise	8	static
mainProcessFunction.c:215:6:Motor_Stirrer_Stop	8	static
mainProcessFunction.c:222:6:Motor_HotWater_Clkwise	8	static
mainProcessFunction.c:227:6:Motor_HotWater_Stop	8	static
mainProcessFunction.c:234:6:SSRHeater_ON_MilkWater	8	static
mainProcessFunction.c:238:6:SSRHeater_OFF_MilkWater	8	static
mainProcessFunction.c:244:6:SSRHeater_ON_Water	8	static
mainProcessFunction.c:248:6:SSRHeater_OFF_Water	8	static
mainProcessFunction.c:286:6:LevelSensor_CheckForPrilCleaning	8	static
mainProcessFunction.c:300:6:LevelSensor_CheckForWaterCleaning	8	static
mainProcessFunction.c:314:6:LevelSensor_CheckForMilkWater	8	static
mainProcessFunction.c:374:6:LevelSensor_CheckForOnlyMilkWater	8	static
mainProcessFunction.c:391:6:LevelSensor_DrainOutPrilFromMilkPipe	8	static
mainProcessFunction.c:409:6:LevelSensor_DrainOutWaterFromMilkPipe	8	static
mainProcessFunction.c:430:6:Temperature_CheckForMilkWater	16	static
mainProcessFunction.c:505:7:Temperature_CheckForOnlyMilkWater	16	static
mainProcessFunction.c:523:6:LevelSensor_CheckForWater	8	static
mainProcessFunction.c:540:6:Temperature_CheckForWater	16	static
